[Thu 09/04/2025  6:37:44.71]  
gcc HackComp.c -o bin\HackComp
[Thu 09/04/2025  6:38:18.35]  
gcc HackComp.c -o bin\HackComp
[Thu 09/04/2025  6:38:33.17]  
gcc HackComp.c -o bin\HackComp
[Thu 09/04/2025  6:43:48.08]  
gcc HackComp.c -o bin\HackComp
[Thu 09/04/2025  6:52:06.15]  
gcc HackComp.c -o bin\HackComp
[Thu 09/04/2025  6:52:38.63]  
gcc HackComp.c -o bin\HackComp
[Thu 09/04/2025  6:53:02.09]  
gcc HackComp.c -o bin\HackComp
[Thu 09/04/2025  6:53:08.93]  
gcc HackComp.c -o bin\HackComp
[Thu 09/04/2025  6:54:30.01]  
gcc HackComp.c -o bin\HackComp
[Thu 09/04/2025  6:54:45.70]  
gcc HackComp.c -o bin\HackComp
[Thu 09/04/2025  7:00:23.97]  
gcc HackComp.c -o bin\HackComp
[Thu 09/04/2025  7:01:57.28]  
gcc HackComp.c -o bin\HackComp
[Thu 09/04/2025  7:02:25.35]  
gcc HackComp.c -o bin\HackComp
[Thu 09/04/2025  7:02:31.11]  
gcc HackComp.c -o bin\HackComp
[Thu 09/04/2025  7:05:20.66]  
gcc HackComp.c -o bin\HackComp
[Thu 09/04/2025  7:05:23.78]  
make: 'bin\HackComp' is up to date.
[Thu 09/04/2025  7:05:25.37]  
make: 'bin\HackComp' is up to date.
[Thu 09/04/2025  7:05:26.18]  
make: 'bin\HackComp' is up to date.
[Thu 09/04/2025  7:05:26.88]  
make: 'bin\HackComp' is up to date.
[Thu 09/04/2025  7:05:27.52]  
make: 'bin\HackComp' is up to date.
[Thu 09/04/2025  7:06:17.65]  
gcc HackComp.c -o bin\HackComp
[Thu 09/04/2025  7:06:23.18]  
gcc HackComp.c -o bin\HackComp
[Thu 09/04/2025  7:06:34.67]  
gcc HackComp.c -o bin\HackComp
[Thu 09/04/2025  7:06:36.39]  
make: 'bin\HackComp' is up to date.
[Thu 09/04/2025  7:08:05.31]  
gcc HackComp.c -o bin\HackComp
[Thu 09/04/2025  7:08:26.10]  
gcc HackComp.c -o bin\HackComp
[Thu 09/04/2025  7:08:32.27]  
gcc HackComp.c -o bin\HackComp
[Thu 09/04/2025  7:09:19.07]  
gcc HackComp.c -o bin\HackComp
[Thu 09/04/2025  7:09:59.89]  
gcc HackComp.c -o bin\HackComp
[Thu 09/04/2025 17:49:20.03]  
gcc HackComp.c -o bin\HackComp
[Thu 09/04/2025 17:49:37.09]  
make: 'bin\HackComp' is up to date.
[Thu 09/04/2025 17:50:05.02]  
gcc HackComp.c -o bin\HackComp
[Thu 09/04/2025 17:50:15.89]  
make: 'bin\HackComp' is up to date.
[Thu 09/04/2025 17:50:42.97]  
gcc HackComp.c -o bin\HackComp
[Thu 09/04/2025 17:50:50.33]  
make: 'bin\HackComp' is up to date.
[Thu 09/04/2025 23:42:19.35]  
gcc HackComp.c -o bin\HackComp
[Thu 09/04/2025 23:43:05.19]  
gcc HackComp.c -o bin\HackComp
[Thu 09/04/2025 23:43:32.24]  
gcc HackComp.c -o bin\HackComp
[Thu 09/04/2025 23:44:08.19]  
gcc HackComp.c -o bin\HackComp
[Thu 09/04/2025 23:46:50.79]  
gcc HackComp.c -o bin\HackComp
[Thu 09/04/2025 23:47:13.56]  
gcc HackComp.c -o bin\HackComp
[Thu 09/04/2025 23:54:52.17]  
gcc HackComp.c -o bin\HackComp
[Thu 09/04/2025 23:55:32.70]  
gcc HackComp.c -o bin\HackComp
[Thu 09/04/2025 23:56:24.48]  
gcc HackComp.c -o bin\HackComp
[Fri 09/05/2025  0:03:29.09]  
gcc HackComp.c -o bin\HackComp
[Fri 09/05/2025  0:04:36.07]  
gcc HackComp.c -o bin\HackComp
[Fri 09/05/2025  0:05:10.88]  
gcc HackComp.c -o bin\HackComp
[Fri 09/05/2025  0:11:56.01]  
gcc HackComp.c -o bin\HackComp
[Fri 09/05/2025  0:12:13.16]  
gcc HackComp.c -o bin\HackComp
[Fri 09/05/2025  0:12:32.69]  
gcc HackComp.c -o bin\HackComp
[Fri 09/05/2025  0:13:42.79]  
gcc HackComp.c -o bin\HackComp
[Fri 09/05/2025  0:13:54.60]  
gcc HackComp.c -o bin\HackComp
[Fri 09/05/2025  0:14:58.67]  
gcc HackComp.c -o bin\HackComp
[Fri 09/05/2025  0:15:15.86]  
gcc HackComp.c -o bin\HackComp
[Fri 09/05/2025  0:19:17.08]  
gcc HackComp.c -o bin\HackComp
[Fri 09/05/2025  0:19:31.06]  
gcc HackComp.c -o bin\HackComp
[Fri 09/05/2025  0:19:43.57]  
gcc HackComp.c -o bin\HackComp
[Fri 09/05/2025  0:20:14.37]  
gcc HackComp.c -o bin\HackComp
[Fri 09/05/2025  0:20:22.22]  
gcc HackComp.c -o bin\HackComp
[Fri 09/05/2025  0:22:26.62]  
gcc HackComp.c -o bin\HackComp
[Fri 09/05/2025  0:32:26.65]  
[Fri 09/05/2025  0:34:38.67]  
[Fri 09/05/2025  0:56:58.97]  
cc -O2 -Wall -Wextra -std=c11 -c HackComp.c -o HackComp.o
cc HackComp.o  -lhacklib -o bin/HackComp
[Fri 09/05/2025  0:59:59.87]  
cc -O2 -Wall -Wextra -std=c11 -c HackComp.c -o HackComp.o
cc HackComp.o  -lhacklib -o bin/HackComp
[Fri 09/05/2025  1:00:39.91]  
cc -O2 -Wall -Wextra -std=c11 -c HackComp.c -o HackComp.o
cc HackComp.o  -lhacklib -o bin/HackComp
[Fri 09/05/2025  1:00:54.89]  
cc -O2 -Wall -Wextra -std=c11 -c HackComp.c -o HackComp.o
cc HackComp.o  -lhacklib -o bin/HackComp
[Fri 09/05/2025  1:15:46.49]  
cc -O2 -Wall -Wextra -std=c11 -c HackComp.c -o HackComp.o
cc HackComp.o  -lhacklib -o bin/HackComp
[Fri 09/05/2025  1:18:34.97]  
make: 'bin/HackComp' is up to date.
[Fri 09/05/2025  1:18:59.42]  
gcc -O2 -Wall -Wextra -std=c11 -lhacklib -o bin/HackComp
[Fri 09/05/2025  1:19:58.76]  
gcc -O2 -Wall -Wextra -std=c11 -lhacklib -o bin/HackComp
[Fri 09/05/2025  1:20:51.93]  
gcc -O2 -Wall -Wextra -std=c11 -lhacklib -o bin/HackComp
[Fri 09/05/2025  1:21:21.56]  
gcc -O2 -Wall -Wextra -std=c11 HackComp.c -lhacklib -o bin/HackComp
[Fri 09/05/2025  1:21:40.52]  
gcc -O2 -Wall -Wextra -std=c11 HackComp.c -lhacklib -o bin/HackComp
[Fri 09/05/2025  1:21:50.72]  
gcc -O2 -Wall -Wextra -std=c11 HackComp.c -lhacklib -o bin/HackComp
[Fri 09/05/2025  1:22:16.04]  
gcc -O2 -Wall -Wextra -std=c11 HackComp.c -lhacklib -o bin/HackComp
[Fri 09/05/2025  1:22:41.46]  
gcc -O2 -Wall -Wextra -std=c11 HackComp.c -lhacklib -o bin/HackComp
[Fri 09/05/2025  1:23:28.38]  
gcc -O2 -Wall -Wextra -std=c11 HackComp.c -lhacklib -o bin/HackComp
[Fri 09/05/2025  1:29:52.36]  
make: 'bin/HackComp' is up to date.
[Fri 09/05/2025  1:30:05.23]  
gcc -O2 -Wall -Wextra -std=c11 HackComp.c -lhacklib -o bin/HackComp
[Fri 09/05/2025  1:31:12.19]  
make: 'bin/HackComp' is up to date.
[Fri 09/05/2025  1:32:07.30]  
gcc -O2 -Wall -Wextra -std=c11 HackComp.c -lhacklib -o bin/HackComp
[Fri 09/05/2025  1:32:19.33]  
gcc -O2 -Wall -Wextra -std=c11 HackComp.c -lhacklib -o bin/HackComp
[Fri 09/05/2025  1:34:55.43]  
gcc -O2 -Wall -Wextra -std=c11 HackComp.c -lhacklib -o bin/HackComp
[Fri 09/05/2025  1:35:12.71]  
gcc -O2 -Wall -Wextra -std=c11 HackComp.c -lhacklib -o bin/HackComp
[Fri 09/05/2025  2:00:51.17]  
gcc -O2 -Wall -Wextra -std=c11 HackComp.c -lhacklib -o bin/HackComp
[Fri 09/05/2025  2:01:09.65]  
make: 'bin/HackComp' is up to date.
[Fri 09/05/2025  2:44:28.23]  
gcc -O2 -Wall -Wextra -std=c11 HackComp.c -lhacklib -o bin/HackComp
[Fri 09/05/2025  2:47:04.00]  
gcc -O2 -Wall -Wextra -std=c11 HackComp.c -lhacklib -o bin/HackComp
[Fri 09/05/2025  2:47:14.33]  
gcc -O2 -Wall -Wextra -std=c11 HackComp.c -lhacklib -o bin/HackComp
[Fri 09/05/2025  2:55:43.53]  
gcc -O2 -Wall -Wextra -std=c11 HackComp.c -lhacklib -o bin/HackComp
[Fri 09/05/2025  2:59:23.64]  
make: 'bin/HackComp' is up to date.
[Fri 09/05/2025  3:03:58.53]  
make: 'bin/HackComp' is up to date.
[Fri 09/05/2025  3:06:09.37]  
make: 'bin/HackComp' is up to date.
[Fri 09/05/2025  3:06:40.06]  
make: 'bin/HackComp' is up to date.
[Fri 09/05/2025  3:07:26.50]  
make: 'bin/HackComp' is up to date.
[Fri 09/05/2025  3:10:31.81]  
make: 'bin/HackComp' is up to date.
[Fri 09/05/2025  3:18:06.33]  
gcc -O2 -Wall -Wextra -std=c11 HackComp.c -lhacklib -o bin/HackComp
[Fri 09/05/2025  3:22:33.88]  
make: 'bin/HackComp' is up to date.
[Fri 09/05/2025  3:25:31.77]  
gcc -O2 -Wall -Wextra -std=c11 HackComp.c -lhacklib -o bin/HackComp
[Fri 09/05/2025  3:32:26.17]  
gcc -O2 -Wall -Wextra -std=c11 HackComp.c -lhacklib -o bin/HackComp
[Fri 09/05/2025  3:33:06.95]  
gcc -O2 -Wall -Wextra -std=c11 HackComp.c -lhacklib -o bin/HackComp
[Fri 09/05/2025  3:33:44.00]  
gcc -O2 -Wall -Wextra -std=c11 HackComp.c -lhacklib -o bin/HackComp
[Fri 09/05/2025  3:33:55.31]  
gcc -O2 -Wall -Wextra -std=c11 HackComp.c -lhacklib -o bin/HackComp
[Fri 09/05/2025  3:34:06.75]  
gcc -O2 -Wall -Wextra -std=c11 HackComp.c -lhacklib -o bin/HackComp
[Fri 09/05/2025  3:34:40.50]  
gcc -O2 -Wall -Wextra -std=c11 HackComp.c -lhacklib -o bin/HackComp
[Fri 09/05/2025  3:36:10.37]  
gcc -O2 -Wall -Wextra -std=c11 HackComp.c -lhacklib -o bin/HackComp
[Fri 09/05/2025  3:36:32.18]  
gcc -O2 -Wall -Wextra -std=c11 HackComp.c -lhacklib -o bin/HackComp
[Fri 09/05/2025  3:40:30.89]  
make: 'bin/HackComp' is up to date.
[Fri 09/05/2025  3:46:29.86]  
make: 'bin/HackComp' is up to date.
[Fri 09/05/2025  3:46:46.17]  
gcc -O2 -Wall -Wextra -std=c11 HackComp.c -lhacklib -o bin/HackComp
[Fri 09/05/2025  3:49:35.26]  
make: 'bin/HackComp' is up to date.
[Fri 09/05/2025  3:54:45.37]  
gcc -O2 -Wall -Wextra -std=c11 HackComp.c -lhacklib -o bin/HackComp
[Fri 09/05/2025  3:58:23.04]  
gcc -O2 -Wall -Wextra -std=c11 HackComp.c -lhacklib -o bin/HackComp
[Fri 09/05/2025  4:07:00.41]  
gcc -O2 -Wall -Wextra -std=c11 HackComp.c -lhacklib -o bin/HackComp
[Fri 09/05/2025  4:14:29.16]  
gcc -O2 -Wall -Wextra -std=c11 HackComp.c -lhacklib -o bin/HackComp
[Fri 09/05/2025  5:20:58.74]  
gcc -O2 -Wall -Wextra -std=c11 HackComp.c -lhacklib -o bin/HackComp
[Fri 09/05/2025  5:21:41.29]  
gcc -O2 -Wall -Wextra -std=c11 HackComp.c -lhacklib -o bin/HackComp
[Fri 09/05/2025  7:19:16.86]  
gcc -O2 -Wall -Wextra -std=c11 HackComp.c -lhacklib -o bin/HackComp
[Fri 09/05/2025  7:21:10.48]  
gcc -O2 -Wall -Wextra -std=c11 HackComp.c -lhacklib -o bin/HackComp
[Fri 09/05/2025  7:22:43.83]  
gcc -O2 -Wall -Wextra -std=c11 HackComp.c -lhacklib -o bin/HackComp
[Fri 09/05/2025  7:26:07.78]  
gcc -O2 -Wall -Wextra -std=c11 HackComp.c -lhacklib -o bin/HackComp
[Fri 09/05/2025  7:26:38.45]  
gcc -O2 -Wall -Wextra -std=c11 HackComp.c -lhacklib -o bin/HackComp
[Fri 09/05/2025  7:27:06.71]  
gcc -O2 -Wall -Wextra -std=c11 HackComp.c -lhacklib -o bin/HackComp
[Fri 09/05/2025  7:27:09.69]  
make: 'bin/HackComp' is up to date.
[Fri 09/05/2025  7:27:10.27]  
make: 'bin/HackComp' is up to date.
[Fri 09/05/2025  7:27:10.93]  
make: 'bin/HackComp' is up to date.
[Fri 09/05/2025  7:46:36.26]  
gcc -O2 -Wall -Wextra -std=c11 HackComp.c -lhacklib -o bin/HackComp
[Fri 09/05/2025  7:52:52.64]  
gcc -O2 -Wall -Wextra -std=c11 HackComp.c -lhacklib -o bin/HackComp
[Fri 09/05/2025  7:53:01.84]  
gcc -O2 -Wall -Wextra -std=c11 HackComp.c -lhacklib -o bin/HackComp
[Fri 09/05/2025  7:54:29.05]  
gcc -O2 -Wall -Wextra -std=c11 HackComp.c -lhacklib -o bin/HackComp
[Fri 09/05/2025  7:55:41.93]  
gcc -O2 -Wall -Wextra -std=c11 HackComp.c -lhacklib -o bin/HackComp
[Fri 09/05/2025  7:55:42.90]  
make: 'bin/HackComp' is up to date.
[Fri 09/05/2025  7:55:49.78]  
gcc -O2 -Wall -Wextra -std=c11 HackComp.c -lhacklib -o bin/HackComp
[Fri 09/05/2025  7:56:04.90]  
gcc -O2 -Wall -Wextra -std=c11 HackComp.c -lhacklib -o bin/HackComp
[Fri 09/05/2025  7:56:07.37]  
make: 'bin/HackComp' is up to date.
[Fri 09/05/2025  7:56:23.18]  
gcc -O2 -Wall -Wextra -std=c11 HackComp.c -lhacklib -o bin/HackComp
[Fri 09/05/2025  8:01:07.67]  
gcc -O2 -Wall -Wextra -std=c11 HackComp.c -lhacklib -o bin/HackComp
[Fri 09/05/2025  8:12:07.28]  
gcc -O2 -Wall -Wextra -std=c11 HackComp.c -lhacklib -o bin/HackComp
[Fri 09/05/2025  8:12:31.31]  
gcc -O2 -Wall -Wextra -std=c11 HackComp.c -lhacklib -o bin/HackComp
[Fri 09/05/2025  8:13:06.53]  
gcc -O2 -Wall -Wextra -std=c11 HackComp.c -lhacklib -o bin/HackComp
[Fri 09/05/2025  8:13:40.19]  
gcc -O2 -Wall -Wextra -std=c11 HackComp.c -lhacklib -o bin/HackComp
[Fri 09/05/2025  8:13:47.13]  
gcc -O2 -Wall -Wextra -std=c11 HackComp.c -lhacklib -o bin/HackComp
[Fri 09/05/2025  8:17:32.39]  
gcc -O2 -Wall -Wextra -std=c11 HackComp.c -lhacklib -o bin/HackComp
[Fri 09/05/2025  8:17:41.93]  
gcc -O2 -Wall -Wextra -std=c11 HackComp.c -lhacklib -o bin/HackComp
[Fri 09/05/2025  8:18:39.28]  
gcc -O2 -Wall -Wextra -std=c11 HackComp.c -lhacklib -o bin/HackComp
[Fri 09/05/2025  8:18:57.95]  
gcc -O2 -Wall -Wextra -std=c11 HackComp.c -lhacklib -o bin/HackComp
[Fri 09/05/2025  8:19:15.44]  
make: 'bin/HackComp' is up to date.
[Fri 09/05/2025  8:19:32.42]  
gcc -O2 -Wall -Wextra -std=c11 HackComp.c -lhacklib -o bin/HackComp
[Fri 09/05/2025  8:19:59.13]  
gcc -O2 -Wall -Wextra -std=c11 HackComp.c -lhacklib -o bin/HackComp
[Fri 09/05/2025 15:29:39.30]  
gcc -O2 -Wall -Wextra -std=c11 HackComp.c -lhacklib -o bin/HackComp
[Fri 09/05/2025 15:31:45.41]  
gcc -O2 -Wall -Wextra -std=c11 HackComp.c -lhacklib -o bin/HackComp
[Fri 09/05/2025 15:31:55.21]  
gcc -O2 -Wall -Wextra -std=c11 HackComp.c -lhacklib -o bin/HackComp
[Fri 09/05/2025 15:32:42.16]  
gcc -O2 -Wall -Wextra -std=c11 HackComp.c -lhacklib -o bin/HackComp
[Fri 09/05/2025 15:33:00.66]  
gcc -O2 -Wall -Wextra -std=c11 HackComp.c -lhacklib -o bin/HackComp
[Fri 09/05/2025 15:33:09.72]  
gcc -O2 -Wall -Wextra -std=c11 HackComp.c -lhacklib -o bin/HackComp
[Fri 09/05/2025 15:33:45.04]  
gcc -O2 -Wall -Wextra -std=c11 HackComp.c -lhacklib -o bin/HackComp
[Fri 09/05/2025 15:34:19.75]  
gcc -O2 -Wall -Wextra -std=c11 HackComp.c -lhacklib -o bin/HackComp
[Fri 09/05/2025 15:34:20.85]  
make: 'bin/HackComp' is up to date.
[Fri 09/05/2025 15:34:40.41]  
gcc -O2 -Wall -Wextra -std=c11 HackComp.c -lhacklib -o bin/HackComp
[Fri 09/05/2025 15:34:51.98]  
gcc -O2 -Wall -Wextra -std=c11 HackComp.c -lhacklib -o bin/HackComp
[Fri 09/05/2025 15:35:07.49]  
gcc -O2 -Wall -Wextra -std=c11 HackComp.c -lhacklib -o bin/HackComp
[Fri 09/05/2025 15:35:49.18]  
gcc -O2 -Wall -Wextra -std=c11 HackComp.c -lhacklib -o bin/HackComp
[Fri 09/05/2025 15:36:03.00]  
gcc -O2 -Wall -Wextra -std=c11 HackComp.c -lhacklib -o bin/HackComp
[Fri 09/05/2025 15:36:16.05]  
gcc -O2 -Wall -Wextra -std=c11 HackComp.c -lhacklib -o bin/HackComp
[Fri 09/05/2025 15:37:20.34]  
gcc -O2 -Wall -Wextra -std=c11 HackComp.c -lhacklib -o bin/HackComp
[Fri 09/05/2025 15:37:25.74]  
gcc -O2 -Wall -Wextra -std=c11 HackComp.c -lhacklib -o bin/HackComp
[Fri 09/05/2025 15:41:47.70]  
gcc -O2 -Wall -Wextra -std=c11 HackComp.c -lhacklib -o bin/HackComp
[Fri 09/05/2025 15:45:31.88]  
gcc -O2 -Wall -Wextra -std=c11 HackComp.c -lhacklib -o bin/HackComp
[Fri 09/05/2025 15:46:09.76]  
gcc -O2 -Wall -Wextra -std=c11 HackComp.c -lhacklib -o bin/HackComp
[Fri 09/05/2025 15:47:17.64]  
gcc -O2 -Wall -Wextra -std=c11 HackComp.c -lhacklib -o bin/HackComp
[Fri 09/05/2025 15:47:33.33]  
gcc -O2 -Wall -Wextra -std=c11 HackComp.c -lhacklib -o bin/HackComp
[Fri 09/05/2025 15:56:22.41]  
gcc -O2 -Wall -Wextra -std=c11 HackComp.c -lhacklib -o bin/HackComp
[Fri 09/05/2025 15:56:28.23]  
gcc -O2 -Wall -Wextra -std=c11 HackComp.c -lhacklib -o bin/HackComp
[Fri 09/05/2025 15:56:51.42]  
gcc -O2 -Wall -Wextra -std=c11 HackComp.c -lhacklib -o bin/HackComp
[Fri 09/05/2025 15:56:53.17]  
make: 'bin/HackComp' is up to date.
[Fri 09/05/2025 15:57:01.95]  
gcc -O2 -Wall -Wextra -std=c11 HackComp.c -lhacklib -o bin/HackComp
[Fri 09/05/2025 15:57:27.47]  
gcc -O2 -Wall -Wextra -std=c11 HackComp.c -lhacklib -o bin/HackComp
[Fri 09/05/2025 15:58:54.63]  
gcc -O2 -Wall -Wextra -std=c11 HackComp.c -lhacklib -o bin/HackComp
[Fri 09/05/2025 15:59:42.54]  
gcc -O2 -Wall -Wextra -std=c11 HackComp.c -lhacklib -o bin/HackComp
[Fri 09/05/2025 16:00:01.70]  
gcc -O2 -Wall -Wextra -std=c11 HackComp.c -lhacklib -o bin/HackComp
[Fri 09/05/2025 16:00:25.06]  
gcc -O2 -Wall -Wextra -std=c11 HackComp.c -lhacklib -o bin/HackComp
[Fri 09/05/2025 16:00:40.53]  
gcc -O2 -Wall -Wextra -std=c11 HackComp.c -lhacklib -o bin/HackComp
[Fri 09/05/2025 16:04:25.50]  
gcc -O2 -Wall -Wextra -std=c11 HackComp.c -lhacklib -o bin/HackComp
[Fri 09/05/2025 16:05:44.76]  
gcc -O2 -Wall -Wextra -std=c11 HackComp.c -lhacklib -o bin/HackComp
[Fri 09/05/2025 16:06:02.29]  
gcc -O2 -Wall -Wextra -std=c11 HackComp.c -lhacklib -o bin/HackComp
[Fri 09/05/2025 16:06:13.80]  
gcc -O2 -Wall -Wextra -std=c11 HackComp.c -lhacklib -o bin/HackComp
[Fri 09/05/2025 16:06:50.67]  
gcc -O2 -Wall -Wextra -std=c11 HackComp.c -lhacklib -o bin/HackComp
[Fri 09/05/2025 17:06:53.02]  
gcc -O2 -Wall -Wextra -std=c11 HackComp.c -lhacklib -o bin/HackComp
[Fri 09/05/2025 17:07:06.75]  
gcc -O2 -Wall -Wextra -std=c11 HackComp.c -lhacklib -o bin/HackComp
[Fri 09/05/2025 17:42:42.36]  
gcc -O2 -Wall -Wextra -std=c11 HackComp.c -lhacklib -o bin/HackComp
[Fri 09/05/2025 17:42:57.13]  
gcc -O2 -Wall -Wextra -std=c11 HackComp.c -lhacklib -o bin/HackComp
[Fri 09/05/2025 17:43:21.86]  
gcc -O2 -Wall -Wextra -std=c11 HackComp.c -lhacklib -o bin/HackComp
[Fri 09/05/2025 17:43:38.60]  
gcc -O2 -Wall -Wextra -std=c11 HackComp.c -lhacklib -o bin/HackComp
[Fri 09/05/2025 17:44:57.61]  
gcc -O2 -Wall -Wextra -std=c11 HackComp.c -lhacklib -o bin/HackComp
[Fri 09/05/2025 17:52:38.10]  
gcc -O2 -Wall -Wextra -std=c11 HackComp.c -lhacklib -o bin/HackComp
[Fri 09/05/2025 17:52:53.99]  
gcc -O2 -Wall -Wextra -std=c11 HackComp.c -lhacklib -o bin/HackComp
[Fri 09/05/2025 17:55:37.34]  
gcc -O2 -Wall -Wextra -std=c11 HackComp.c -lhacklib -o bin/HackComp
[Fri 09/05/2025 17:56:06.36]  
gcc -O2 -Wall -Wextra -std=c11 HackComp.c -lhacklib -o bin/HackComp
[Fri 09/05/2025 18:11:19.12]  
gcc -O2 -Wall -Wextra -std=c11 HackComp.c -lhacklib -o bin/HackComp
[Fri 09/05/2025 18:11:30.81]  
gcc -O2 -Wall -Wextra -std=c11 HackComp.c -lhacklib -o bin/HackComp
[Fri 09/05/2025 18:13:01.48]  
gcc -O2 -Wall -Wextra -std=c11 HackComp.c -lhacklib -o bin/HackComp
[Fri 09/05/2025 18:52:42.94]  
gcc -O2 -Wall -Wextra -std=c11 HackComp.c -lhacklib -o bin/HackComp
[Fri 09/05/2025 18:52:56.79]  
gcc -O2 -Wall -Wextra -std=c11 HackComp.c -lhacklib -o bin/HackComp
[Fri 09/05/2025 18:54:19.59]  
gcc -O2 -Wall -Wextra -std=c11 HackComp.c -lhacklib -o bin/HackComp
[Fri 09/05/2025 18:54:40.79]  
gcc -O2 -Wall -Wextra -std=c11 HackComp.c -lhacklib -o bin/HackComp
[Fri 09/05/2025 18:54:55.95]  
gcc -O2 -Wall -Wextra -std=c11 HackComp.c -lhacklib -o bin/HackComp
[Sat 09/06/2025  1:46:05.35]  
gcc -O2 -Wall -Wextra -std=c11 HackComp.c -lhacklib -o bin/HackComp
[Sat 09/06/2025  1:48:20.06]  
gcc -O2 -Wall -Wextra -std=c11 HackComp.c -lhacklib -o bin/HackComp
[Sat 09/06/2025  1:49:42.26]  
gcc -O2 -Wall -Wextra -std=c11 HackComp.c -lhacklib -o bin/HackComp
[Sat 09/06/2025  1:49:49.87]  
gcc -O2 -Wall -Wextra -std=c11 HackComp.c -lhacklib -o bin/HackComp
[Sat 09/06/2025  1:50:34.21]  
gcc -O2 -Wall -Wextra -std=c11 HackComp.c -lhacklib -o bin/HackComp
[Sat 09/06/2025  1:50:35.46]  
make: 'bin/HackComp' is up to date.
[Sat 09/06/2025  1:53:21.74]  
gcc -O2 -Wall -Wextra -std=c11 HackComp.c -lhacklib -o bin/HackComp
[Sat 09/06/2025  1:53:33.97]  
gcc -O2 -Wall -Wextra -std=c11 HackComp.c -lhacklib -o bin/HackComp
[Sat 09/06/2025  1:54:17.27]  
gcc -O2 -Wall -Wextra -std=c11 HackComp.c -lhacklib -o bin/HackComp
[Sat 09/06/2025  1:54:36.29]  
gcc -O2 -Wall -Wextra -std=c11 HackComp.c -lhacklib -o bin/HackComp
[Sat 09/06/2025  1:54:43.52]  
gcc -O2 -Wall -Wextra -std=c11 HackComp.c -lhacklib -o bin/HackComp
[Sat 09/06/2025  1:55:46.01]  
gcc -O2 -Wall -Wextra -std=c11 HackComp.c -lhacklib -o bin/HackComp
[Sat 09/06/2025  1:56:07.04]  
gcc -O2 -Wall -Wextra -std=c11 HackComp.c -lhacklib -o bin/HackComp
[Sat 09/06/2025  1:58:22.84]  
gcc -O2 -Wall -Wextra -std=c11 HackComp.c -lhacklib -o bin/HackComp
[Sat 09/06/2025  2:06:36.20]  
gcc -O2 -Wall -Wextra -std=c11 HackComp.c -lhacklib -o bin/HackComp
[Sat 09/06/2025  2:07:11.48]  
gcc -O2 -Wall -Wextra -std=c11 HackComp.c -lhacklib -o bin/HackComp
[Sat 09/06/2025  2:07:42.46]  
gcc -O2 -Wall -Wextra -std=c11 HackComp.c -lhacklib -o bin/HackComp
[Sat 09/06/2025  2:14:42.27]  
gcc -O2 -Wall -Wextra -std=c11 HackComp.c -lhacklib -o bin/HackComp
[Sat 09/06/2025  2:15:49.34]  
gcc -O2 -Wall -Wextra -std=c11 HackComp.c -lhacklib -o bin/HackComp
[Sat 09/06/2025  2:16:13.28]  
gcc -O2 -Wall -Wextra -std=c11 HackComp.c -lhacklib -o bin/HackComp
[Sat 09/06/2025  2:16:27.73]  
gcc -O2 -Wall -Wextra -std=c11 HackComp.c -lhacklib -o bin/HackComp
[Sat 09/06/2025  2:17:19.15]  
gcc -O2 -Wall -Wextra -std=c11 HackComp.c -lhacklib -o bin/HackComp
[Sat 09/06/2025  2:17:42.02]  
gcc -O2 -Wall -Wextra -std=c11 HackComp.c -lhacklib -o bin/HackComp
[Sat 09/06/2025  4:05:41.46]  
gcc -O2 -Wall -Wextra -std=c11 HackComp.c -lhacklib -o bin/HackComp
[Sat 09/06/2025  4:06:19.93]  
gcc -O2 -Wall -Wextra -std=c11 HackComp.c -lhacklib -o bin/HackComp
[Sat 09/06/2025  4:26:12.18]  
gcc -O2 -Wall -Wextra -std=c11 HackComp.c -lhacklib -o bin/HackComp
[Sat 09/06/2025  4:27:55.34]  
make: 'bin/HackComp' is up to date.
[Sat 09/06/2025  4:33:26.64]  
make: 'bin/HackComp' is up to date.
[Sat 09/06/2025  4:35:35.68]  
gcc -O2 -Wall -Wextra -std=c11 HackComp.c -lhacklib -o bin/HackComp
[Sat 09/06/2025  4:55:57.36]  
gcc -O2 -Wall -Wextra -std=c11 HackComp.c -lhacklib -o bin/HackComp
[Sat 09/06/2025  5:01:52.07]  
make: 'bin/HackComp' is up to date.
[Sat 09/06/2025  5:03:16.20]  
make: 'bin/HackComp' is up to date.
[Sat 09/06/2025  5:07:56.89]  
make: 'bin/HackComp' is up to date.
[Sat 09/06/2025  5:12:37.89]  
make: 'bin/HackComp' is up to date.
[Sat 09/06/2025  5:37:10.68]  
make: 'bin/HackComp' is up to date.
[Sat 09/06/2025  5:48:43.94]  
gcc -O2 -Wall -Wextra -std=c11 HackComp.c -lhacklib -o bin/HackComp
[Sat 09/06/2025  5:48:51.93]  
gcc -O2 -Wall -Wextra -std=c11 HackComp.c -lhacklib -o bin/HackComp
[Sat 09/06/2025  5:53:16.48]  
gcc -O2 -Wall -Wextra -std=c11 HackComp.c -lhacklib -o bin/HackComp
[Sat 09/06/2025  5:53:27.25]  
gcc -O2 -Wall -Wextra -std=c11 HackComp.c -lhacklib -o bin/HackComp
[Sat 09/06/2025  5:54:50.63]  
gcc -O2 -Wall -Wextra -std=c11 HackComp.c -lhacklib -o bin/HackComp
[Sat 09/06/2025  5:55:20.39]  
gcc -O2 -Wall -Wextra -std=c11 HackComp.c -lhacklib -o bin/HackComp
[Sat 09/06/2025  5:55:43.02]  
gcc -O2 -Wall -Wextra -std=c11 HackComp.c -lhacklib -o bin/HackComp
[Sat 09/06/2025  5:56:20.55]  
gcc -O2 -Wall -Wextra -std=c11 HackComp.c -lhacklib -o bin/HackComp
[Sat 09/06/2025  5:57:04.46]  
gcc -O2 -Wall -Wextra -std=c11 HackComp.c -lhacklib -o bin/HackComp
[Sat 09/06/2025  5:57:17.34]  
gcc -O2 -Wall -Wextra -std=c11 HackComp.c -lhacklib -o bin/HackComp
[Sat 09/06/2025  5:58:18.94]  
gcc -O2 -Wall -Wextra -std=c11 HackComp.c -lhacklib -o bin/HackComp
[Sat 09/06/2025  6:05:48.12]  
gcc -O2 -Wall -Wextra -std=c11 HackComp.c -lhacklib -o bin/HackComp
[Sat 09/06/2025  6:06:01.35]  
gcc -O2 -Wall -Wextra -std=c11 HackComp.c -lhacklib -o bin/HackComp
[Sat 09/06/2025  6:06:15.29]  
gcc -O2 -Wall -Wextra -std=c11 HackComp.c -lhacklib -o bin/HackComp
[Sat 09/06/2025  6:09:33.26]  
gcc -O2 -Wall -Wextra -std=c11 HackComp.c -lhacklib -o bin/HackComp
[Sat 09/06/2025  6:12:37.69]  
gcc -O2 -Wall -Wextra -std=c11 HackComp.c -lhacklib -o bin/HackComp
[Sat 09/06/2025  6:21:34.63]  
gcc -O2 -Wall -Wextra -std=c11 HackComp.c -lhacklib -o bin/HackComp
[Sat 09/06/2025  6:28:47.10]  
gcc -O2 -Wall -Wextra -std=c11 HackComp.c -lhacklib -o bin/HackComp
[Sat 09/06/2025  6:49:20.63]  
gcc -O2 -Wall -Wextra -std=c11 HackComp.c -lhacklib -o bin/HackComp
[Sat 09/06/2025  6:50:03.66]  
gcc -O2 -Wall -Wextra -std=c11 HackComp.c -lhacklib -o bin/HackComp
[Sat 09/06/2025  6:52:04.65]  
gcc -O2 -Wall -Wextra -std=c11 HackComp.c -lhacklib -o bin/HackComp
[Sat 09/06/2025  6:52:32.99]  
gcc -O2 -Wall -Wextra -std=c11 HackComp.c -lhacklib -o bin/HackComp
[Sat 09/06/2025  6:56:38.17]  
gcc -O2 -Wall -Wextra -std=c11 HackComp.c -lhacklib -o bin/HackComp
[Sat 09/06/2025  6:57:32.13]  
make: 'bin/HackComp' is up to date.
[Sat 09/06/2025  6:58:52.34]  
make: 'bin/HackComp' is up to date.
[Sat 09/06/2025 16:18:13.04]  
gcc -O2 -Wall -Wextra -std=c11 HackComp.c -lhacklib -o bin/HackComp
[Sat 09/06/2025 16:18:31.38]  
gcc -O2 -Wall -Wextra -std=c11 HackComp.c -lhacklib -o bin/HackComp
[Sat 09/06/2025 16:27:56.24]  
make: 'bin/HackComp' is up to date.
[Sat 09/06/2025 16:28:48.72]  
gcc -O2 -Wall -Wextra -std=c11 HackComp.c -lhacklib -o bin/HackComp
[Sat 09/06/2025 16:42:00.08]  
gcc -O2 -Wall -Wextra -std=c11 HackComp.c -lhacklib -o bin/HackComp
[Sat 09/06/2025 17:47:13.20]  
make: 'bin/HackComp' is up to date.
[Sat 09/06/2025 17:47:47.94]  
make: 'bin/HackComp' is up to date.
[Sat 09/06/2025 17:53:47.45]  
make: 'bin/HackComp' is up to date.
[Sat 09/06/2025 17:56:16.41]  
make: 'bin/HackComp' is up to date.
[Sat 09/06/2025 17:56:25.94]  
make: 'bin/HackComp' is up to date.
[Sat 09/06/2025 18:00:14.23]  
make: 'bin/HackComp' is up to date.
[Sat 09/06/2025 20:28:41.79]  
gcc -O2 -Wall -Wextra -std=c11 HackComp.c -lhacklib -o bin/HackComp
[Sat 09/06/2025 20:30:47.17]  
gcc -O2 -Wall -Wextra -std=c11 HackComp.c -lhacklib -o bin/HackComp
[Sat 09/06/2025 20:30:57.20]  
gcc -O2 -Wall -Wextra -std=c11 HackComp.c -lhacklib -o bin/HackComp
[Sat 09/06/2025 20:31:57.08]  
gcc -O2 -Wall -Wextra -std=c11 HackComp.c -lhacklib -o bin/HackComp
[Sat 09/06/2025 20:32:13.61]  
gcc -O2 -Wall -Wextra -std=c11 HackComp.c -lhacklib -o bin/HackComp
[Sat 09/06/2025 20:32:22.43]  
gcc -O2 -Wall -Wextra -std=c11 HackComp.c -lhacklib -o bin/HackComp
[Sat 09/06/2025 20:32:42.43]  
gcc -O2 -Wall -Wextra -std=c11 HackComp.c -lhacklib -o bin/HackComp
[Sat 09/06/2025 21:33:18.97]  
make: 'bin/HackComp' is up to date.
[Sat 09/06/2025 21:33:26.20]  
gcc -O2 -Wall -Wextra -std=c11 HackComp.c -lhacklib -o bin/HackComp
[Sat 09/06/2025 21:33:45.52]  
gcc -O2 -Wall -Wextra -std=c11 HackComp.c -lhacklib -o bin/HackComp
[Sun 09/07/2025  0:02:10.17]  
gcc -O2 -Wall -Wextra -std=c11 HackComp.c -lhacklib -o bin/HackComp
[Sun 09/07/2025  0:02:19.24]  
gcc -O2 -Wall -Wextra -std=c11 HackComp.c -lhacklib -o bin/HackComp
[Sun 09/07/2025  0:03:53.50]  
gcc -O2 -Wall -Wextra -std=c11 HackComp.c -lhacklib -o bin/HackComp
[Sun 09/07/2025  0:07:29.33]  
gcc -O2 -Wall -Wextra -std=c11 HackComp.c -lhacklib -o bin/HackComp
[Sun 09/07/2025  0:19:01.83]  
gcc -O2 -Wall -Wextra -std=c11 HackComp.c -lhacklib -o bin/HackComp
[Sun 09/07/2025  0:26:23.37]  
gcc -O2 -Wall -Wextra -std=c11 HackComp.c -lhacklib -o bin/HackComp
[Sun 09/07/2025  0:30:10.95]  
gcc -O2 -Wall -Wextra -std=c11 HackComp.c -lhacklib -o bin/HackComp
[Sun 09/07/2025  0:43:40.59]  
gcc -O2 -Wall -Wextra -std=c11 HackComp.c -lhacklib -o bin/HackComp
[Sun 09/07/2025  1:40:58.80]  
gcc -O2 -Wall -Wextra -std=c11 HackComp.c -lhacklib -o bin/HackComp
[Sun 09/07/2025  1:44:40.55]  
gcc -O2 -Wall -Wextra -std=c11 HackComp.c -lhacklib -o bin/HackComp
[Sun 09/07/2025  1:46:12.85]  
gcc -O2 -Wall -Wextra -std=c11 HackComp.c -lhacklib -o bin/HackComp
[Sun 09/07/2025  1:47:08.75]  
gcc -O2 -Wall -Wextra -std=c11 HackComp.c -lhacklib -o bin/HackComp
[Sun 09/07/2025  1:47:50.46]  
gcc -O2 -Wall -Wextra -std=c11 HackComp.c -lhacklib -o bin/HackComp
[Sun 09/07/2025  1:54:33.04]  
gcc -O2 -Wall -Wextra -std=c11 HackComp.c -lhacklib -o bin/HackComp
[Sun 09/07/2025  1:55:16.33]  
gcc -O2 -Wall -Wextra -std=c11 HackComp.c -lhacklib -o bin/HackComp
[Sun 09/07/2025  1:58:47.39]  
gcc -O2 -Wall -Wextra -std=c11 HackComp.c -lhacklib -o bin/HackComp
[Sun 09/07/2025  2:00:26.40]  
gcc -O2 -Wall -Wextra -std=c11 HackComp.c -lhacklib -o bin/HackComp
[Sun 09/07/2025  2:01:05.76]  
gcc -O2 -Wall -Wextra -std=c11 HackComp.c -lhacklib -o bin/HackComp
[Sun 09/07/2025  2:02:40.38]  
gcc -O2 -Wall -Wextra -std=c11 HackComp.c -lhacklib -o bin/HackComp
[Sun 09/07/2025  2:02:58.89]  
gcc -O2 -Wall -Wextra -std=c11 HackComp.c -lhacklib -o bin/HackComp
[Sun 09/07/2025  2:03:42.57]  
gcc -O2 -Wall -Wextra -std=c11 HackComp.c -lhacklib -o bin/HackComp
[Sun 09/07/2025  3:19:11.22]  
gcc -O2 -Wall -Wextra -std=c11 HackComp.c -lhacklib -o bin/HackComp
[Sun 09/07/2025  3:19:28.85]  
gcc -O2 -Wall -Wextra -std=c11 HackComp.c -lhacklib -o bin/HackComp
[Sun 09/07/2025  3:19:48.36]  
gcc -O2 -Wall -Wextra -std=c11 HackComp.c -lhacklib -o bin/HackComp
[Sun 09/07/2025  3:20:07.46]  
gcc -O2 -Wall -Wextra -std=c11 HackComp.c -lhacklib -o bin/HackComp
[Sun 09/07/2025  3:20:52.85]  
make: 'bin/HackComp' is up to date.
[Sun 09/07/2025  4:41:48.07]  
gcc -O2 -Wall -Wextra -std=c11 HackComp.c -lhacklib -o bin/HackComp
[Sun 09/07/2025  4:44:10.30]  
gcc -O2 -Wall -Wextra -std=c11 HackComp.c -lhacklib -o bin/HackComp
[Sun 09/07/2025  4:44:25.06]  
gcc -O2 -Wall -Wextra -std=c11 HackComp.c -lhacklib -o bin/HackComp
[Sun 09/07/2025  4:46:21.34]  
gcc -O2 -Wall -Wextra -std=c11 HackComp.c -lhacklib -o bin/HackComp
[Sun 09/07/2025  4:48:42.17]  
gcc -O2 -Wall -Wextra -std=c11 HackComp.c -lhacklib -o bin/HackComp
[Sun 09/07/2025  4:49:56.09]  
gcc -O2 -Wall -Wextra -std=c11 HackComp.c -lhacklib -o bin/HackComp
[Sun 09/07/2025  4:50:09.85]  
gcc -O2 -Wall -Wextra -std=c11 HackComp.c -lhacklib -o bin/HackComp
[Sun 09/07/2025  4:50:21.83]  
gcc -O2 -Wall -Wextra -std=c11 HackComp.c -lhacklib -o bin/HackComp
[Sun 09/07/2025  4:50:45.93]  
gcc -O2 -Wall -Wextra -std=c11 HackComp.c -lhacklib -o bin/HackComp
[Sun 09/07/2025  4:51:01.78]  
gcc -O2 -Wall -Wextra -std=c11 HackComp.c -lhacklib -o bin/HackComp
[Sun 09/07/2025  4:51:07.45]  
gcc -O2 -Wall -Wextra -std=c11 HackComp.c -lhacklib -o bin/HackComp
[Sun 09/07/2025  4:54:18.47]  
gcc -O2 -Wall -Wextra -std=c11 HackComp.c -lhacklib -o bin/HackComp
[Sun 09/07/2025  4:55:45.72]  
gcc -O2 -Wall -Wextra -std=c11 HackComp.c -lhacklib -o bin/HackComp
[Sun 09/07/2025  4:56:36.08]  
gcc -O2 -Wall -Wextra -std=c11 HackComp.c -lhacklib -o bin/HackComp
[Sun 09/07/2025  4:56:56.39]  
gcc -O2 -Wall -Wextra -std=c11 HackComp.c -lhacklib -o bin/HackComp
[Sun 09/07/2025  5:04:31.91]  
gcc -O2 -Wall -Wextra -std=c11 HackComp.c -lhacklib -o bin/HackComp
[Sun 09/07/2025  5:10:07.35]  
gcc -O2 -Wall -Wextra -std=c11 HackComp.c -lhacklib -o bin/HackComp
[Sun 09/07/2025  5:17:59.84]  
gcc -O2 -Wall -Wextra -std=c11 HackComp.c -lhacklib -o bin/HackComp
[Sun 09/07/2025  5:29:17.00]  
make: 'bin/HackComp' is up to date.
[Sun 09/07/2025 12:45:53.84]  
gcc -O2 -Wall -Wextra -std=c11 HackComp.c -lhacklib -o bin/HackComp
[Sun 09/07/2025 12:46:15.15]  
gcc -O2 -Wall -Wextra -std=c11 HackComp.c -lhacklib -o bin/HackComp
[Sun 09/07/2025 12:46:22.35]  
gcc -O2 -Wall -Wextra -std=c11 HackComp.c -lhacklib -o bin/HackComp
[Sun 09/07/2025 12:46:27.50]  
gcc -O2 -Wall -Wextra -std=c11 HackComp.c -lhacklib -o bin/HackComp
[Sun 09/07/2025 12:46:32.73]  
gcc -O2 -Wall -Wextra -std=c11 HackComp.c -lhacklib -o bin/HackComp
[Sun 09/07/2025 12:48:31.16]  
gcc -O2 -Wall -Wextra -std=c11 HackComp.c -lhacklib -o bin/HackComp
[Sun 09/07/2025 12:50:51.46]  
gcc -O2 -Wall -Wextra -std=c11 HackComp.c -lhacklib -o bin/HackComp
[Sun 09/07/2025 12:54:09.32]  
gcc -O2 -Wall -Wextra -std=c11 HackComp.c -lhacklib -o bin/HackComp
[Sun 09/07/2025 12:55:52.58]  
gcc -O2 -Wall -Wextra -std=c11 HackComp.c -lhacklib -o bin/HackComp
[Sun 09/07/2025 12:58:05.72]  
gcc -O2 -Wall -Wextra -std=c11 HackComp.c -lhacklib -o bin/HackComp
[Sun 09/07/2025 12:58:30.09]  
gcc -O2 -Wall -Wextra -std=c11 HackComp.c -lhacklib -o bin/HackComp
[Sun 09/07/2025 12:58:38.56]  
gcc -O2 -Wall -Wextra -std=c11 HackComp.c -lhacklib -o bin/HackComp
[Sun 09/07/2025 12:59:49.04]  
gcc -O2 -Wall -Wextra -std=c11 HackComp.c -lhacklib -o bin/HackComp
[Sun 09/07/2025 13:00:39.61]  
gcc -O2 -Wall -Wextra -std=c11 HackComp.c -lhacklib -o bin/HackComp
[Sun 09/07/2025 13:00:50.70]  
gcc -O2 -Wall -Wextra -std=c11 HackComp.c -lhacklib -o bin/HackComp
[Sun 09/07/2025 13:01:25.33]  
gcc -O2 -Wall -Wextra -std=c11 HackComp.c -lhacklib -o bin/HackComp
[Sun 09/07/2025 13:01:38.19]  
gcc -O2 -Wall -Wextra -std=c11 HackComp.c -lhacklib -o bin/HackComp
[Sun 09/07/2025 13:02:25.04]  
gcc -O2 -Wall -Wextra -std=c11 HackComp.c -lhacklib -o bin/HackComp
[Sun 09/07/2025 13:04:47.13]  
gcc -O2 -Wall -Wextra -std=c11 HackComp.c -lhacklib -o bin/HackComp
[Sun 09/07/2025 13:04:58.56]  
gcc -O2 -Wall -Wextra -std=c11 HackComp.c -lhacklib -o bin/HackComp
[Sun 09/07/2025 13:05:51.75]  
gcc -O2 -Wall -Wextra -std=c11 HackComp.c -lhacklib -o bin/HackComp
[Sun 09/07/2025 13:05:58.73]  
gcc -O2 -Wall -Wextra -std=c11 HackComp.c -lhacklib -o bin/HackComp
[Sun 09/07/2025 13:29:49.13]  
gcc -O2 -Wall -Wextra -std=c11 HackComp.c -lhacklib -o bin/HackComp
[Sun 09/07/2025 13:30:23.86]  
gcc -O2 -Wall -Wextra -std=c11 HackComp.c -lhacklib -o bin/HackComp
[Sun 09/07/2025 13:32:24.65]  
gcc -O2 -Wall -Wextra -std=c11 HackComp.c -lhacklib -o bin/HackComp
[Sun 09/07/2025 13:32:34.17]  
gcc -O2 -Wall -Wextra -std=c11 HackComp.c -lhacklib -o bin/HackComp
[Sun 09/07/2025 13:32:45.37]  
gcc -O2 -Wall -Wextra -std=c11 HackComp.c -lhacklib -o bin/HackComp
[Sun 09/07/2025 13:32:55.26]  
gcc -O2 -Wall -Wextra -std=c11 HackComp.c -lhacklib -o bin/HackComp
[Sun 09/07/2025 13:44:53.40]  
gcc -O2 -Wall -Wextra -std=c11 HackComp.c -lhacklib -o bin/HackComp
[Sun 09/07/2025 13:45:20.31]  
gcc -O2 -Wall -Wextra -std=c11 HackComp.c -lhacklib -o bin/HackComp
[Sun 09/07/2025 13:45:39.07]  
gcc -O2 -Wall -Wextra -std=c11 HackComp.c -lhacklib -o bin/HackComp
[Sun 09/07/2025 13:45:51.06]  
gcc -O2 -Wall -Wextra -std=c11 HackComp.c -lhacklib -o bin/HackComp
[Sun 09/07/2025 13:47:15.58]  
gcc -O2 -Wall -Wextra -std=c11 HackComp.c -lhacklib -o bin/HackComp
[Sun 09/07/2025 13:47:24.27]  
gcc -O2 -Wall -Wextra -std=c11 HackComp.c -lhacklib -o bin/HackComp
[Sun 09/07/2025 13:47:25.08]  
make: 'bin/HackComp' is up to date.
[Sun 09/07/2025 13:48:22.31]  
gcc -O2 -Wall -Wextra -std=c11 HackComp.c -lhacklib -o bin/HackComp
[Sun 09/07/2025 13:48:36.92]  
gcc -O2 -Wall -Wextra -std=c11 HackComp.c -lhacklib -o bin/HackComp
[Sun 09/07/2025 13:48:50.76]  
gcc -O2 -Wall -Wextra -std=c11 HackComp.c -lhacklib -o bin/HackComp
[Sun 09/07/2025 13:50:03.15]  
gcc -O2 -Wall -Wextra -std=c11 HackComp.c -lhacklib -o bin/HackComp
[Sun 09/07/2025 13:50:56.14]  
gcc -O2 -Wall -Wextra -std=c11 HackComp.c -lhacklib -o bin/HackComp
[Sun 09/07/2025 13:52:03.56]  
gcc -O2 -Wall -Wextra -std=c11 HackComp.c -lhacklib -o bin/HackComp
[Sun 09/07/2025 13:52:28.59]  
gcc -O2 -Wall -Wextra -std=c11 HackComp.c -lhacklib -o bin/HackComp
[Sun 09/07/2025 13:52:41.72]  
gcc -O2 -Wall -Wextra -std=c11 HackComp.c -lhacklib -o bin/HackComp
[Sun 09/07/2025 13:52:53.07]  
gcc -O2 -Wall -Wextra -std=c11 HackComp.c -lhacklib -o bin/HackComp
[Sun 09/07/2025 13:52:59.86]  
gcc -O2 -Wall -Wextra -std=c11 HackComp.c -lhacklib -o bin/HackComp
[Sun 09/07/2025 13:54:31.69]  
gcc -O2 -Wall -Wextra -std=c11 HackComp.c -lhacklib -o bin/HackComp
[Sun 09/07/2025 13:55:02.52]  
gcc -O2 -Wall -Wextra -std=c11 HackComp.c -lhacklib -o bin/HackComp
[Sun 09/07/2025 13:55:20.42]  
gcc -O2 -Wall -Wextra -std=c11 HackComp.c -lhacklib -o bin/HackComp
[Sun 09/07/2025 13:56:43.93]  
gcc -O2 -Wall -Wextra -std=c11 HackComp.c -lhacklib -o bin/HackComp
[Sun 09/07/2025 13:56:56.08]  
make: 'bin/HackComp' is up to date.
[Sun 09/07/2025 13:57:17.45]  
gcc -O2 -Wall -Wextra -std=c11 HackComp.c -lhacklib -o bin/HackComp
[Sun 09/07/2025 14:00:53.15]  
gcc -O2 -Wall -Wextra -std=c11 HackComp.c -lhacklib -o bin/HackComp
[Sun 09/07/2025 14:05:13.35]  
gcc -O2 -Wall -Wextra -std=c11 HackComp.c -lhacklib -o bin/HackComp
[Sun 09/07/2025 18:05:17.13]  
gcc -O2 -Wall -Wextra -std=c11 HackComp.c -lhacklib -o bin/HackComp
[Sun 09/07/2025 18:05:34.26]  
gcc -O2 -Wall -Wextra -std=c11 HackComp.c -lhacklib -o bin/HackComp
[Sun 09/07/2025 18:06:02.84]  
gcc -O2 -Wall -Wextra -std=c11 HackComp.c -lhacklib -o bin/HackComp
[Sun 09/07/2025 18:13:36.15]  
gcc -O2 -Wall -Wextra -std=c11 HackComp.c -lhacklib -o bin/HackComp
[Sun 09/07/2025 18:15:12.82]  
gcc -O2 -Wall -Wextra -std=c11 HackComp.c -lhacklib -o bin/HackComp
[Sun 09/07/2025 18:16:12.04]  
gcc -O2 -Wall -Wextra -std=c11 HackComp.c -lhacklib -o bin/HackComp
[Sun 09/07/2025 18:26:30.26]  
gcc -O2 -Wall -Wextra -std=c11 HackComp.c -lhacklib -o bin/HackComp
[Sun 09/07/2025 19:00:32.78]  
gcc -O2 -Wall -Wextra -std=c11 HackComp.c -lhacklib -o bin/HackComp
[Sun 09/07/2025 19:00:50.28]  
gcc -O2 -Wall -Wextra -std=c11 HackComp.c -lhacklib -o bin/HackComp
[Sun 09/07/2025 19:01:09.20]  
gcc -O2 -Wall -Wextra -std=c11 HackComp.c -lhacklib -o bin/HackComp
[Sun 09/07/2025 19:01:25.72]  
gcc -O2 -Wall -Wextra -std=c11 HackComp.c -lhacklib -o bin/HackComp
[Sun 09/07/2025 19:01:39.45]  
gcc -O2 -Wall -Wextra -std=c11 HackComp.c -lhacklib -o bin/HackComp
[Sun 09/07/2025 19:01:40.10]  
make: 'bin/HackComp' is up to date.
[Sun 09/07/2025 19:01:49.21]  
gcc -O2 -Wall -Wextra -std=c11 HackComp.c -lhacklib -o bin/HackComp
[Sun 09/07/2025 19:06:38.37]  
gcc -O2 -Wall -Wextra -std=c11 HackComp.c -lhacklib -o bin/HackComp
[Sun 09/07/2025 19:12:58.07]  
gcc -O2 -Wall -Wextra -std=c11 HackComp.c -lhacklib -o bin/HackComp
[Sun 09/07/2025 19:50:36.11]  
gcc -O2 -Wall -Wextra -std=c11 HackComp.c -lhacklib -o bin/HackComp
[Sun 09/07/2025 19:50:50.30]  
gcc -O2 -Wall -Wextra -std=c11 HackComp.c -lhacklib -o bin/HackComp
[Sun 09/07/2025 19:53:03.35]  
gcc -O2 -Wall -Wextra -std=c11 HackComp.c -lhacklib -o bin/HackComp
[Sun 09/07/2025 19:53:15.38]  
gcc -O2 -Wall -Wextra -std=c11 HackComp.c -lhacklib -o bin/HackComp
[Sun 09/07/2025 19:54:37.37]  
gcc -O2 -Wall -Wextra -std=c11 HackComp.c -lhacklib -o bin/HackComp
[Sun 09/07/2025 19:54:55.53]  
make: 'bin/HackComp' is up to date.
[Sun 09/07/2025 19:55:47.27]  
make: 'bin/HackComp' is up to date.
[Sun 09/07/2025 19:55:55.09]  
gcc -O2 -Wall -Wextra -std=c11 HackComp.c -lhacklib -o bin/HackComp
[Sun 09/07/2025 19:57:12.06]  
gcc -O2 -Wall -Wextra -std=c11 HackComp.c -lhacklib -o bin/HackComp
[Sun 09/07/2025 19:58:33.40]  
gcc -O2 -Wall -Wextra -std=c11 HackComp.c -lhacklib -o bin/HackComp
[Sun 09/07/2025 19:58:34.45]  
make: 'bin/HackComp' is up to date.
[Sun 09/07/2025 20:01:21.40]  
gcc -O2 -Wall -Wextra -std=c11 HackComp.c -lhacklib -o bin/HackComp
[Sun 09/07/2025 20:03:22.03]  
make: 'bin/HackComp' is up to date.
[Sun 09/07/2025 20:03:47.65]  
gcc -O2 -Wall -Wextra -std=c11 HackComp.c -lhacklib -o bin/HackComp
[Sun 09/07/2025 20:04:41.93]  
gcc -O2 -Wall -Wextra -std=c11 HackComp.c -lhacklib -o bin/HackComp
[Sun 09/07/2025 20:05:47.80]  
gcc -O2 -Wall -Wextra -std=c11 HackComp.c -lhacklib -o bin/HackComp
[Sun 09/07/2025 20:23:43.54]  
gcc -O2 -Wall -Wextra -std=c11 HackComp.c -lhacklib -o bin/HackComp
[Sun 09/07/2025 20:24:49.20]  
gcc -O2 -Wall -Wextra -std=c11 HackComp.c -lhacklib -o bin/HackComp
[Sun 09/07/2025 20:25:45.48]  
gcc -O2 -Wall -Wextra -std=c11 HackComp.c -lhacklib -o bin/HackComp
[Sun 09/07/2025 20:25:46.34]  
make: 'bin/HackComp' is up to date.
[Sun 09/07/2025 20:28:01.34]  
gcc -O2 -Wall -Wextra -std=c11 HackComp.c -lhacklib -o bin/HackComp
[Sun 09/07/2025 20:32:12.34]  
gcc -O2 -Wall -Wextra -std=c11 HackComp.c -lhacklib -o bin/HackComp
[Sun 09/07/2025 20:32:23.35]  
gcc -O2 -Wall -Wextra -std=c11 HackComp.c -lhacklib -o bin/HackComp
[Sun 09/07/2025 20:32:37.18]  
gcc -O2 -Wall -Wextra -std=c11 HackComp.c -lhacklib -o bin/HackComp
[Sun 09/07/2025 20:34:08.56]  
gcc -O2 -Wall -Wextra -std=c11 HackComp.c -lhacklib -o bin/HackComp
[Sun 09/07/2025 20:34:22.30]  
gcc -O2 -Wall -Wextra -std=c11 HackComp.c -lhacklib -o bin/HackComp
[Sun 09/07/2025 20:39:20.25]  
gcc -O2 -Wall -Wextra -std=c11 HackComp.c -lhacklib -o bin/HackComp
[Sun 09/07/2025 20:39:47.81]  
gcc -O2 -Wall -Wextra -std=c11 HackComp.c -lhacklib -o bin/HackComp
[Sun 09/07/2025 20:43:18.28]  
gcc -O2 -Wall -Wextra -std=c11 HackComp.c -lhacklib -o bin/HackComp
[Sun 09/07/2025 20:43:47.80]  
gcc -O2 -Wall -Wextra -std=c11 HackComp.c -lhacklib -o bin/HackComp
[Sun 09/07/2025 20:45:33.49]  
gcc -O2 -Wall -Wextra -std=c11 HackComp.c -lhacklib -o bin/HackComp
[Sun 09/07/2025 20:45:48.08]  
gcc -O2 -Wall -Wextra -std=c11 HackComp.c -lhacklib -o bin/HackComp
[Sun 09/07/2025 20:46:24.44]  
gcc -O2 -Wall -Wextra -std=c11 HackComp.c -lhacklib -o bin/HackComp
[Sun 09/07/2025 20:49:50.78]  
gcc -O2 -Wall -Wextra -std=c11 HackComp.c -lhacklib -o bin/HackComp
[Sun 09/07/2025 20:50:12.82]  
gcc -O2 -Wall -Wextra -std=c11 HackComp.c -lhacklib -o bin/HackComp
[Sun 09/07/2025 20:51:34.84]  
make: 'bin/HackComp' is up to date.
[Sun 09/07/2025 20:52:18.48]  
gcc -O2 -Wall -Wextra -std=c11 HackComp.c -lhacklib -o bin/HackComp
[Sun 09/07/2025 20:52:27.25]  
gcc -O2 -Wall -Wextra -std=c11 HackComp.c -lhacklib -o bin/HackComp
[Sun 09/07/2025 20:52:37.97]  
gcc -O2 -Wall -Wextra -std=c11 HackComp.c -lhacklib -o bin/HackComp
[Sun 09/07/2025 20:54:43.13]  
gcc -O2 -Wall -Wextra -std=c11 HackComp.c -lhacklib -o bin/HackComp
[Sun 09/07/2025 20:54:52.00]  
gcc -O2 -Wall -Wextra -std=c11 HackComp.c -lhacklib -o bin/HackComp
[Sun 09/07/2025 20:55:08.97]  
gcc -O2 -Wall -Wextra -std=c11 HackComp.c -lhacklib -o bin/HackComp
[Sun 09/07/2025 20:55:09.64]  
make: 'bin/HackComp' is up to date.
[Sun 09/07/2025 20:55:45.78]  
gcc -O2 -Wall -Wextra -std=c11 HackComp.c -lhacklib -o bin/HackComp
[Sun 09/07/2025 20:57:06.48]  
gcc -O2 -Wall -Wextra -std=c11 HackComp.c -lhacklib -o bin/HackComp
[Sun 09/07/2025 20:58:06.52]  
gcc -O2 -Wall -Wextra -std=c11 HackComp.c -lhacklib -o bin/HackComp
[Sun 09/07/2025 21:10:37.17]  
gcc -O2 -Wall -Wextra -std=c11 HackComp.c -lhacklib -o bin/HackComp
[Sun 09/07/2025 21:15:09.73]  
gcc -O2 -Wall -Wextra -std=c11 HackComp.c -lhacklib -o bin/HackComp
[Sun 09/07/2025 21:22:05.95]  
make: 'bin/HackComp' is up to date.
[Sun 09/07/2025 21:39:14.76]  
make: 'bin/HackComp' is up to date.
[Sun 09/07/2025 21:40:59.86]  
gcc -O2 -Wall -Wextra -std=c11 HackComp.c -lhacklib -o bin/HackComp
[Sun 09/07/2025 21:54:50.02]  
gcc -O2 -Wall -Wextra -std=c11 HackComp.c -lhacklib -o bin/HackComp
[Sun 09/07/2025 22:07:20.38]  
gcc -O2 -Wall -Wextra -std=c11 HackComp.c -lhacklib -o bin/HackComp
[Sun 09/07/2025 22:22:09.11]  
gcc -O2 -Wall -Wextra -std=c11 HackComp.c -lhacklib -o bin/HackComp
[Sun 09/07/2025 22:22:38.91]  
gcc -O2 -Wall -Wextra -std=c11 HackComp.c -lhacklib -o bin/HackComp
[Sun 09/07/2025 22:23:53.98]  
gcc -O2 -Wall -Wextra -std=c11 HackComp.c -lhacklib -o bin/HackComp
[Sun 09/07/2025 22:25:15.73]  
gcc -O2 -Wall -Wextra -std=c11 HackComp.c -lhacklib -o bin/HackComp
[Sun 09/07/2025 22:25:27.42]  
gcc -O2 -Wall -Wextra -std=c11 HackComp.c -lhacklib -o bin/HackComp
[Sun 09/07/2025 22:32:44.65]  
make: 'bin/HackComp' is up to date.
[Sun 09/07/2025 22:34:53.25]  
gcc -O2 -Wall -Wextra -std=c11 HackComp.c -lhacklib -o bin/HackComp
[Sun 09/07/2025 22:57:15.95]  
gcc -O2 -Wall -Wextra -std=c11 HackComp.c -lhacklib -o bin/HackComp
[Sun 09/07/2025 22:57:29.39]  
gcc -O2 -Wall -Wextra -std=c11 HackComp.c -lhacklib -o bin/HackComp
[Sun 09/07/2025 22:58:33.67]  
gcc -O2 -Wall -Wextra -std=c11 HackComp.c -lhacklib -o bin/HackComp
[Sun 09/07/2025 23:00:16.78]  
gcc -O2 -Wall -Wextra -std=c11 HackComp.c -lhacklib -o bin/HackComp
[Sun 09/07/2025 23:03:59.14]  
gcc -O2 -Wall -Wextra -std=c11 HackComp.c -lhacklib -o bin/HackComp
[Sun 09/07/2025 23:06:22.30]  
gcc -O2 -Wall -Wextra -std=c11 HackComp.c -lhacklib -o bin/HackComp
[Sun 09/07/2025 23:07:51.27]  
gcc -O2 -Wall -Wextra -std=c11 HackComp.c -lhacklib -o bin/HackComp
[Sun 09/07/2025 23:10:47.78]  
gcc -O2 -Wall -Wextra -std=c11 HackComp.c -lhacklib -o bin/HackComp
[Sun 09/07/2025 23:14:10.16]  
gcc -O2 -Wall -Wextra -std=c11 HackComp.c -lhacklib -o bin/HackComp
[Sun 09/07/2025 23:17:36.98]  
gcc -O2 -Wall -Wextra -std=c11 HackComp.c -lhacklib -o bin/HackComp
[Sun 09/07/2025 23:19:43.83]  
gcc -O2 -Wall -Wextra -std=c11 HackComp.c -lhacklib -o bin/HackComp
[Sun 09/07/2025 23:20:21.20]  
gcc -O2 -Wall -Wextra -std=c11 HackComp.c -lhacklib -o bin/HackComp
[Sun 09/07/2025 23:36:23.83]  
gcc -O2 -Wall -Wextra -std=c11 HackComp.c -lhacklib -o bin/HackComp
[Sun 09/07/2025 23:37:34.40]  
make: 'bin/HackComp' is up to date.
[Sun 09/07/2025 23:39:00.48]  
make: 'bin/HackComp' is up to date.
[Sun 09/07/2025 23:40:19.50]  
make: 'bin/HackComp' is up to date.
[Sun 09/07/2025 23:45:24.43]  
make: 'bin/HackComp' is up to date.
[Sun 09/07/2025 23:45:55.81]  
make: 'bin/HackComp' is up to date.
[Mon 09/08/2025  1:45:51.68]  
make: 'bin/HackComp' is up to date.
[Mon 09/08/2025  1:46:07.68]  
make: 'bin/HackComp' is up to date.
[Mon 09/08/2025  1:54:45.59]  
make: 'bin/HackComp' is up to date.
[Mon 09/08/2025  1:56:20.10]  
make: 'bin/HackComp' is up to date.
[Mon 09/08/2025  1:57:54.09]  
make: 'bin/HackComp' is up to date.
[Mon 09/08/2025  1:59:26.16]  
make: 'bin/HackComp' is up to date.
[Mon 09/08/2025  1:59:39.98]  
make: 'bin/HackComp' is up to date.
[Mon 09/08/2025  2:03:27.48]  
make: 'bin/HackComp' is up to date.
[Mon 09/08/2025  2:27:21.80]  
make: 'bin/HackComp' is up to date.
[Mon 09/08/2025  2:28:10.28]  
make: 'bin/HackComp' is up to date.
[Mon 09/08/2025  2:28:32.28]  
make: 'bin/HackComp' is up to date.
[Mon 09/08/2025  2:50:18.62]  
make: 'bin/HackComp' is up to date.
[Mon 09/08/2025  3:10:22.67]  
make: 'bin/HackComp' is up to date.
[Mon 09/08/2025 20:21:10.89]  
gcc -O2 -Wall -Wextra -std=c11 HackComp.c -lhacklib -o bin/HackComp
[Mon 09/08/2025 20:21:46.41]  
gcc -O2 -Wall -Wextra -std=c11 HackComp.c -lhacklib -o bin/HackComp
[Mon 09/08/2025 20:21:56.21]  
gcc -O2 -Wall -Wextra -std=c11 HackComp.c -lhacklib -o bin/HackComp
[Mon 09/08/2025 20:22:57.56]  
gcc -O2 -Wall -Wextra -std=c11 HackComp.c -lhacklib -o bin/HackComp
[Mon 09/08/2025 20:24:03.87]  
gcc -O2 -Wall -Wextra -std=c11 HackComp.c -lhacklib -o bin/HackComp
[Mon 09/08/2025 20:24:12.11]  
gcc -O2 -Wall -Wextra -std=c11 HackComp.c -lhacklib -o bin/HackComp
[Mon 09/08/2025 20:31:24.87]  
gcc -O2 -Wall -Wextra -std=c11 HackComp.c -lhacklib -o bin/HackComp
[Mon 09/08/2025 20:31:38.01]  
gcc -O2 -Wall -Wextra -std=c11 HackComp.c -lhacklib -o bin/HackComp
[Mon 09/08/2025 20:31:55.72]  
gcc -O2 -Wall -Wextra -std=c11 HackComp.c -lhacklib -o bin/HackComp
[Mon 09/08/2025 20:32:39.90]  
gcc -O2 -Wall -Wextra -std=c11 HackComp.c -lhacklib -o bin/HackComp
[Mon 09/08/2025 20:35:08.52]  
gcc -O2 -Wall -Wextra -std=c11 HackComp.c -lhacklib -o bin/HackComp
[Mon 09/08/2025 22:18:53.80]  
gcc -O2 -Wall -Wextra -std=c11 HackComp.c -lhacklib -o bin/HackComp
[Mon 09/08/2025 22:19:13.49]  
gcc -O2 -Wall -Wextra -std=c11 HackComp.c -lhacklib -o bin/HackComp
[Mon 09/08/2025 22:20:15.41]  
gcc -O2 -Wall -Wextra -std=c11 HackComp.c -lhacklib -o bin/HackComp
[Mon 09/08/2025 22:21:57.69]  
make: 'bin/HackComp' is up to date.
[Mon 09/08/2025 22:22:06.71]  
make: 'bin/HackComp' is up to date.
[Mon 09/08/2025 22:22:24.84]  
gcc -O2 -Wall -Wextra -std=c11 HackComp.c -lhacklib -o bin/HackComp
[Mon 09/08/2025 22:25:23.10]  
gcc -O2 -Wall -Wextra -std=c11 HackComp.c -lhacklib -o bin/HackComp
[Mon 09/08/2025 22:27:05.97]  
gcc -O2 -Wall -Wextra -std=c11 HackComp.c -lhacklib -o bin/HackComp
[Mon 09/08/2025 22:30:08.60]  
gcc -O2 -Wall -Wextra -std=c11 HackComp.c -lhacklib -o bin/HackComp
[Mon 09/08/2025 22:30:26.90]  
gcc -O2 -Wall -Wextra -std=c11 HackComp.c -lhacklib -o bin/HackComp
[Mon 09/08/2025 22:30:57.36]  
gcc -O2 -Wall -Wextra -std=c11 HackComp.c -lhacklib -o bin/HackComp
[Mon 09/08/2025 22:31:17.09]  
gcc -O2 -Wall -Wextra -std=c11 HackComp.c -lhacklib -o bin/HackComp
[Mon 09/08/2025 22:32:02.06]  
gcc -O2 -Wall -Wextra -std=c11 HackComp.c -lhacklib -o bin/HackComp
[Mon 09/08/2025 22:32:11.67]  
gcc -O2 -Wall -Wextra -std=c11 HackComp.c -lhacklib -o bin/HackComp
[Mon 09/08/2025 22:32:42.69]  
gcc -O2 -Wall -Wextra -std=c11 HackComp.c -lhacklib -o bin/HackComp
[Mon 09/08/2025 22:32:56.02]  
gcc -O2 -Wall -Wextra -std=c11 HackComp.c -lhacklib -o bin/HackComp
[Mon 09/08/2025 22:33:09.21]  
gcc -O2 -Wall -Wextra -std=c11 HackComp.c -lhacklib -o bin/HackComp
[Mon 09/08/2025 22:33:15.46]  
gcc -O2 -Wall -Wextra -std=c11 HackComp.c -lhacklib -o bin/HackComp
[Mon 09/08/2025 22:34:24.08]  
gcc -O2 -Wall -Wextra -std=c11 HackComp.c -lhacklib -o bin/HackComp
[Mon 09/08/2025 22:38:09.20]  
gcc -O2 -Wall -Wextra -std=c11 HackComp.c -lhacklib -o bin/HackComp
[Mon 09/08/2025 22:38:18.07]  
gcc -O2 -Wall -Wextra -std=c11 HackComp.c -lhacklib -o bin/HackComp
[Mon 09/08/2025 22:38:27.40]  
gcc -O2 -Wall -Wextra -std=c11 HackComp.c -lhacklib -o bin/HackComp
[Mon 09/08/2025 22:38:37.29]  
gcc -O2 -Wall -Wextra -std=c11 HackComp.c -lhacklib -o bin/HackComp
[Mon 09/08/2025 22:38:38.30]  
make: 'bin/HackComp' is up to date.
[Mon 09/08/2025 22:38:48.99]  
gcc -O2 -Wall -Wextra -std=c11 HackComp.c -lhacklib -o bin/HackComp
[Mon 09/08/2025 22:39:42.85]  
gcc -O2 -Wall -Wextra -std=c11 HackComp.c -lhacklib -o bin/HackComp
[Mon 09/08/2025 22:39:56.73]  
gcc -O2 -Wall -Wextra -std=c11 HackComp.c -lhacklib -o bin/HackComp
[Mon 09/08/2025 22:42:41.78]  
gcc -O2 -Wall -Wextra -std=c11 HackComp.c -lhacklib -o bin/HackComp
[Mon 09/08/2025 22:43:01.06]  
gcc -O2 -Wall -Wextra -std=c11 HackComp.c -lhacklib -o bin/HackComp
[Mon 09/08/2025 22:43:13.41]  
gcc -O2 -Wall -Wextra -std=c11 HackComp.c -lhacklib -o bin/HackComp
[Mon 09/08/2025 22:53:43.60]  
gcc -O2 -Wall -Wextra -std=c11 HackComp.c -lhacklib -o bin/HackComp
[Mon 09/08/2025 22:53:51.27]  
gcc -O2 -Wall -Wextra -std=c11 HackComp.c -lhacklib -o bin/HackComp
[Tue 09/09/2025  4:57:39.48]  
gcc -O2 -Wall -Wextra -std=c11 HackComp.c -lhacklib -o bin/HackComp
[Tue 09/09/2025  5:00:16.23]  
gcc -O2 -Wall -Wextra -std=c11 HackComp.c -lhacklib -o bin/HackComp
[Tue 09/09/2025  5:13:42.72]  
gcc -O2 -Wall -Wextra -std=c11 HackComp.c -lhacklib -o bin/HackComp
[Tue 09/09/2025  7:53:05.63]  
gcc -O2 -Wall -Wextra -std=c11 HackComp.c -lhacklib -o bin/HackComp
[Tue 09/09/2025  7:53:18.80]  
gcc -O2 -Wall -Wextra -std=c11 HackComp.c -lhacklib -o bin/HackComp
[Tue 09/09/2025  7:54:12.47]  
gcc -O2 -Wall -Wextra -std=c11 HackComp.c -lhacklib -o bin/HackComp
[Tue 09/09/2025  7:57:28.42]  
gcc -O2 -Wall -Wextra -std=c11 HackComp.c -lhacklib -o bin/HackComp
[Tue 09/09/2025  7:59:36.26]  
gcc -O2 -Wall -Wextra -std=c11 HackComp.c -lhacklib -o bin/HackComp
[Tue 09/09/2025  7:59:46.47]  
gcc -O2 -Wall -Wextra -std=c11 HackComp.c -lhacklib -o bin/HackComp
[Tue 09/09/2025  8:00:05.23]  
gcc -O2 -Wall -Wextra -std=c11 HackComp.c -lhacklib -o bin/HackComp
[Tue 09/09/2025  8:00:21.33]  
gcc -O2 -Wall -Wextra -std=c11 HackComp.c -lhacklib -o bin/HackComp
[Tue 09/09/2025  8:00:28.48]  
gcc -O2 -Wall -Wextra -std=c11 HackComp.c -lhacklib -o bin/HackComp
[Tue 09/09/2025  8:01:18.04]  
gcc -O2 -Wall -Wextra -std=c11 HackComp.c -lhacklib -o bin/HackComp
[Tue 09/09/2025  8:01:45.09]  
gcc -O2 -Wall -Wextra -std=c11 HackComp.c -lhacklib -o bin/HackComp
[Tue 09/09/2025  8:03:37.92]  
gcc -O2 -Wall -Wextra -std=c11 HackComp.c -lhacklib -o bin/HackComp
[Tue 09/09/2025  8:05:32.17]  
gcc -O2 -Wall -Wextra -std=c11 HackComp.c -lhacklib -o bin/HackComp
[Tue 09/09/2025  8:05:47.23]  
gcc -O2 -Wall -Wextra -std=c11 HackComp.c -lhacklib -o bin/HackComp
[Tue 09/09/2025  8:08:38.44]  
gcc -O2 -Wall -Wextra -std=c11 HackComp.c -lhacklib -o bin/HackComp
[Tue 09/09/2025  8:10:21.87]  
gcc -O2 -Wall -Wextra -std=c11 HackComp.c -lhacklib -o bin/HackComp
[Tue 09/09/2025  8:11:17.11]  
gcc -O2 -Wall -Wextra -std=c11 HackComp.c -lhacklib -o bin/HackComp
[Tue 09/09/2025  8:11:33.40]  
gcc -O2 -Wall -Wextra -std=c11 HackComp.c -lhacklib -o bin/HackComp
[Tue 09/09/2025  8:12:23.66]  
gcc -O2 -Wall -Wextra -std=c11 HackComp.c -lhacklib -o bin/HackComp
[Tue 09/09/2025  8:12:49.08]  
gcc -O2 -Wall -Wextra -std=c11 HackComp.c -lhacklib -o bin/HackComp
[Tue 09/09/2025  8:12:56.02]  
gcc -O2 -Wall -Wextra -std=c11 HackComp.c -lhacklib -o bin/HackComp
[Tue 09/09/2025  8:15:04.02]  
gcc -O2 -Wall -Wextra -std=c11 HackComp.c -lhacklib -o bin/HackComp
[Tue 09/09/2025  8:15:11.80]  
gcc -O2 -Wall -Wextra -std=c11 HackComp.c -lhacklib -o bin/HackComp
[Tue 09/09/2025  8:15:19.59]  
gcc -O2 -Wall -Wextra -std=c11 HackComp.c -lhacklib -o bin/HackComp
[Tue 09/09/2025  8:15:35.65]  
gcc -O2 -Wall -Wextra -std=c11 HackComp.c -lhacklib -o bin/HackComp
[Tue 09/09/2025  8:16:15.05]  
gcc -O2 -Wall -Wextra -std=c11 HackComp.c -lhacklib -o bin/HackComp
[Tue 09/09/2025  8:16:30.29]  
gcc -O2 -Wall -Wextra -std=c11 HackComp.c -lhacklib -o bin/HackComp
[Tue 09/09/2025  8:17:25.97]  
gcc -O2 -Wall -Wextra -std=c11 HackComp.c -lhacklib -o bin/HackComp
[Tue 09/09/2025  8:17:35.31]  
gcc -O2 -Wall -Wextra -std=c11 HackComp.c -lhacklib -o bin/HackComp
[Tue 09/09/2025  8:17:58.81]  
gcc -O2 -Wall -Wextra -std=c11 HackComp.c -lhacklib -o bin/HackComp
[Tue 09/09/2025  8:18:06.28]  
gcc -O2 -Wall -Wextra -std=c11 HackComp.c -lhacklib -o bin/HackComp
[Tue 09/09/2025  8:18:17.12]  
gcc -O2 -Wall -Wextra -std=c11 HackComp.c -lhacklib -o bin/HackComp
[Tue 09/09/2025  8:18:48.78]  
gcc -O2 -Wall -Wextra -std=c11 HackComp.c -lhacklib -o bin/HackComp
[Tue 09/09/2025  8:18:58.29]  
gcc -O2 -Wall -Wextra -std=c11 HackComp.c -lhacklib -o bin/HackComp
[Tue 09/09/2025  8:19:07.83]  
gcc -O2 -Wall -Wextra -std=c11 HackComp.c -lhacklib -o bin/HackComp
[Tue 09/09/2025  8:20:48.77]  
gcc -O2 -Wall -Wextra -std=c11 HackComp.c -lhacklib -o bin/HackComp
[Tue 09/09/2025  8:27:41.82]  
gcc -O2 -Wall -Wextra -std=c11 HackComp.c -lhacklib -o bin/HackComp
[Tue 09/09/2025  8:42:17.43]  
gcc -O2 -Wall -Wextra -std=c11 HackComp.c -lhacklib -o bin/HackComp
[Tue 09/09/2025  8:42:36.66]  
gcc -O2 -Wall -Wextra -std=c11 HackComp.c -lhacklib -o bin/HackComp
[Tue 09/09/2025  8:47:05.74]  
gcc -O2 -Wall -Wextra -std=c11 HackComp.c -lhacklib -o bin/HackComp
[Tue 09/09/2025  8:49:13.60]  
gcc -O2 -Wall -Wextra -std=c11 HackComp.c -lhacklib -o bin/HackComp
[Tue 09/09/2025  8:54:53.01]  
gcc -O2 -Wall -Wextra -std=c11 HackComp.c -lhacklib -o bin/HackComp
[Tue 09/09/2025  9:07:18.09]  
gcc -O2 -Wall -Wextra -std=c11 HackComp.c -lhacklib -o bin/HackComp
[Tue 09/09/2025  9:08:06.86]  
gcc -O2 -Wall -Wextra -std=c11 HackComp.c -lhacklib -o bin/HackComp
[Tue 09/09/2025  9:11:27.68]  
gcc -O2 -Wall -Wextra -std=c11 HackComp.c -lhacklib -o bin/HackComp
[Tue 09/09/2025  9:31:54.59]  
gcc -O2 -Wall -Wextra -std=c11 HackComp.c -lhacklib -o bin/HackComp
[Tue 09/09/2025  9:34:18.45]  
gcc -O2 -Wall -Wextra -std=c11 HackComp.c -lhacklib -o bin/HackComp
[Tue 09/09/2025  9:36:55.24]  
gcc -O2 -Wall -Wextra -std=c11 HackComp.c -lhacklib -o bin/HackComp
[Tue 09/09/2025 10:35:01.90]  
gcc -O2 -Wall -Wextra -std=c11 HackComp.c -lhacklib -o bin/HackComp
[Tue 09/09/2025 10:35:33.45]  
gcc -O2 -Wall -Wextra -std=c11 HackComp.c -lhacklib -o bin/HackComp
[Tue 09/09/2025 10:35:46.21]  
gcc -O2 -Wall -Wextra -std=c11 HackComp.c -lhacklib -o bin/HackComp
[Tue 09/09/2025 10:35:53.65]  
gcc -O2 -Wall -Wextra -std=c11 HackComp.c -lhacklib -o bin/HackComp
[Tue 09/09/2025 10:36:15.48]  
gcc -O2 -Wall -Wextra -std=c11 HackComp.c -lhacklib -o bin/HackComp
[Tue 09/09/2025 10:36:54.80]  
gcc -O2 -Wall -Wextra -std=c11 HackComp.c -lhacklib -o bin/HackComp
[Tue 09/09/2025 10:37:28.45]  
gcc -O2 -Wall -Wextra -std=c11 HackComp.c -lhacklib -o bin/HackComp
[Tue 09/09/2025 10:38:43.84]  
gcc -O2 -Wall -Wextra -std=c11 HackComp.c -lhacklib -o bin/HackComp
[Tue 09/09/2025 10:42:40.18]  
gcc -O2 -Wall -Wextra -std=c11 HackComp.c -lhacklib -o bin/HackComp
[Tue 09/09/2025 10:43:06.37]  
gcc -O2 -Wall -Wextra -std=c11 HackComp.c -lhacklib -o bin/HackComp
[Tue 09/09/2025 10:44:35.15]  
gcc -O2 -Wall -Wextra -std=c11 HackComp.c -lhacklib -o bin/HackComp
[Tue 09/09/2025 10:45:28.57]  
gcc -O2 -Wall -Wextra -std=c11 HackComp.c -lhacklib -o bin/HackComp
[Tue 09/09/2025 10:46:01.89]  
gcc -O2 -Wall -Wextra -std=c11 HackComp.c -lhacklib -o bin/HackComp
[Tue 09/09/2025 10:47:20.00]  
gcc -O2 -Wall -Wextra -std=c11 HackComp.c -lhacklib -o bin/HackComp
[Tue 09/09/2025 10:49:52.63]  
gcc -O2 -Wall -Wextra -std=c11 HackComp.c -lhacklib -o bin/HackComp
[Tue 09/09/2025 10:50:34.31]  
gcc -O2 -Wall -Wextra -std=c11 HackComp.c -lhacklib -o bin/HackComp
[Tue 09/09/2025 10:50:47.12]  
gcc -O2 -Wall -Wextra -std=c11 HackComp.c -lhacklib -o bin/HackComp
[Tue 09/09/2025 10:51:09.32]  
gcc -O2 -Wall -Wextra -std=c11 HackComp.c -lhacklib -o bin/HackComp
[Tue 09/09/2025 10:51:21.15]  
gcc -O2 -Wall -Wextra -std=c11 HackComp.c -lhacklib -o bin/HackComp
[Tue 09/09/2025 10:51:27.28]  
gcc -O2 -Wall -Wextra -std=c11 HackComp.c -lhacklib -o bin/HackComp
[Tue 09/09/2025 11:11:29.95]  
gcc -O2 -Wall -Wextra -std=c11 HackComp.c -lhacklib -o bin/HackComp
[Tue 09/09/2025 11:18:34.83]  
gcc -O2 -Wall -Wextra -std=c11 HackComp.c -lhacklib -o bin/HackComp
[Tue 09/09/2025 11:19:28.81]  
gcc -O2 -Wall -Wextra -std=c11 HackComp.c -lhacklib -o bin/HackComp
[Tue 09/09/2025 11:20:18.52]  
gcc -O2 -Wall -Wextra -std=c11 HackComp.c -lhacklib -o bin/HackComp
[Tue 09/09/2025 11:20:52.88]  
gcc -O2 -Wall -Wextra -std=c11 HackComp.c -lhacklib -o bin/HackComp
[Tue 09/09/2025 11:22:42.30]  
gcc -O2 -Wall -Wextra -std=c11 HackComp.c -lhacklib -o bin/HackComp
[Tue 09/09/2025 11:22:51.69]  
gcc -O2 -Wall -Wextra -std=c11 HackComp.c -lhacklib -o bin/HackComp
[Tue 09/09/2025 11:23:40.43]  
gcc -O2 -Wall -Wextra -std=c11 HackComp.c -lhacklib -o bin/HackComp
[Tue 09/09/2025 11:27:20.46]  
gcc -O2 -Wall -Wextra -std=c11 HackComp.c -lhacklib -o bin/HackComp
[Tue 09/09/2025 11:27:46.25]  
gcc -O2 -Wall -Wextra -std=c11 HackComp.c -lhacklib -o bin/HackComp
[Tue 09/09/2025 11:31:45.82]  
gcc -O2 -Wall -Wextra -std=c11 HackComp.c -lhacklib -o bin/HackComp
[Tue 09/09/2025 18:12:14.71]  
gcc -O2 -Wall -Wextra -std=c11 HackComp.c -lhacklib -o bin/HackComp
[Tue 09/09/2025 18:12:47.95]  
gcc -O2 -Wall -Wextra -std=c11 HackComp.c -lhacklib -o bin/HackComp
[Tue 09/09/2025 18:14:11.72]  
gcc -O2 -Wall -Wextra -std=c11 HackComp.c -lhacklib -o bin/HackComp
[Tue 09/09/2025 18:15:19.57]  
gcc -O2 -Wall -Wextra -std=c11 HackComp.c -lhacklib -o bin/HackComp
[Tue 09/09/2025 18:15:48.01]  
gcc -O2 -Wall -Wextra -std=c11 HackComp.c -lhacklib -o bin/HackComp
[Tue 09/09/2025 18:19:50.71]  
gcc -O2 -Wall -Wextra -std=c11 HackComp.c -lhacklib -o bin/HackComp
[Tue 09/09/2025 18:30:31.24]  
gcc -O2 -Wall -Wextra -std=c11 HackComp.c -lhacklib -o bin/HackComp
[Tue 09/09/2025 18:30:46.90]  
gcc -O2 -Wall -Wextra -std=c11 HackComp.c -lhacklib -o bin/HackComp
[Tue 09/09/2025 18:31:31.89]  
gcc -O2 -Wall -Wextra -std=c11 HackComp.c -lhacklib -o bin/HackComp
[Tue 09/09/2025 18:32:23.70]  
gcc -O2 -Wall -Wextra -std=c11 HackComp.c -lhacklib -o bin/HackComp
[Tue 09/09/2025 18:33:54.60]  
gcc -O2 -Wall -Wextra -std=c11 HackComp.c -lhacklib -o bin/HackComp
[Tue 09/09/2025 18:46:03.95]  
gcc -O2 -Wall -Wextra -std=c11 HackComp.c -lhacklib -o bin/HackComp
[Tue 09/09/2025 18:47:15.67]  
gcc -O2 -Wall -Wextra -std=c11 HackComp.c -lhacklib -o bin/HackComp
[Tue 09/09/2025 20:58:10.44]  
gcc -O2 -Wall -Wextra -std=c11 HackComp.c -lhacklib -o bin/HackComp
[Tue 09/09/2025 20:58:20.28]  
gcc -O2 -Wall -Wextra -std=c11 HackComp.c -lhacklib -o bin/HackComp
[Tue 09/09/2025 20:58:26.23]  
gcc -O2 -Wall -Wextra -std=c11 HackComp.c -lhacklib -o bin/HackComp
[Tue 09/09/2025 21:01:53.26]  
gcc -O2 -Wall -Wextra -std=c11 HackComp.c -lhacklib -o bin/HackComp
[Tue 09/09/2025 21:02:11.76]  
gcc -O2 -Wall -Wextra -std=c11 HackComp.c -lhacklib -o bin/HackComp
[Tue 09/09/2025 21:02:19.69]  
gcc -O2 -Wall -Wextra -std=c11 HackComp.c -lhacklib -o bin/HackComp
[Tue 09/09/2025 21:02:37.46]  
gcc -O2 -Wall -Wextra -std=c11 HackComp.c -lhacklib -o bin/HackComp
[Tue 09/09/2025 21:03:30.76]  
gcc -O2 -Wall -Wextra -std=c11 HackComp.c -lhacklib -o bin/HackComp
[Tue 09/09/2025 21:03:32.51]  
make: 'bin/HackComp' is up to date.
[Tue 09/09/2025 21:03:43.24]  
gcc -O2 -Wall -Wextra -std=c11 HackComp.c -lhacklib -o bin/HackComp
[Tue 09/09/2025 21:03:53.53]  
gcc -O2 -Wall -Wextra -std=c11 HackComp.c -lhacklib -o bin/HackComp
[Tue 09/09/2025 21:03:55.11]  
make: 'bin/HackComp' is up to date.
[Tue 09/09/2025 21:04:16.96]  
gcc -O2 -Wall -Wextra -std=c11 HackComp.c -lhacklib -o bin/HackComp
[Tue 09/09/2025 21:04:28.23]  
gcc -O2 -Wall -Wextra -std=c11 HackComp.c -lhacklib -o bin/HackComp
[Tue 09/09/2025 22:21:33.47]  
gcc -O2 -Wall -Wextra -std=c11 HackComp.c -lhacklib -o bin/HackComp
[Tue 09/09/2025 22:24:23.28]  
gcc -O2 -Wall -Wextra -std=c11 HackComp.c -lhacklib -o bin/HackComp
[Tue 09/09/2025 22:24:49.36]  
gcc -O2 -Wall -Wextra -std=c11 HackComp.c -lhacklib -o bin/HackComp
[Tue 09/09/2025 22:25:37.37]  
gcc -O2 -Wall -Wextra -std=c11 HackComp.c -lhacklib -o bin/HackComp
[Tue 09/09/2025 22:25:49.30]  
gcc -O2 -Wall -Wextra -std=c11 HackComp.c -lhacklib -o bin/HackComp
[Tue 09/09/2025 22:26:06.64]  
gcc -O2 -Wall -Wextra -std=c11 HackComp.c -lhacklib -o bin/HackComp
[Tue 09/09/2025 22:26:35.88]  
gcc -O2 -Wall -Wextra -std=c11 HackComp.c -lhacklib -o bin/HackComp
[Tue 09/09/2025 22:27:10.73]  
gcc -O2 -Wall -Wextra -std=c11 HackComp.c -lhacklib -o bin/HackComp
[Tue 09/09/2025 22:27:37.67]  
gcc -O2 -Wall -Wextra -std=c11 HackComp.c -lhacklib -o bin/HackComp
[Tue 09/09/2025 22:28:19.13]  
gcc -O2 -Wall -Wextra -std=c11 HackComp.c -lhacklib -o bin/HackComp
[Tue 09/09/2025 22:29:30.55]  
gcc -O2 -Wall -Wextra -std=c11 HackComp.c -lhacklib -o bin/HackComp
[Tue 09/09/2025 22:30:31.00]  
gcc -O2 -Wall -Wextra -std=c11 HackComp.c -lhacklib -o bin/HackComp
[Tue 09/09/2025 22:30:45.56]  
gcc -O2 -Wall -Wextra -std=c11 HackComp.c -lhacklib -o bin/HackComp
[Tue 09/09/2025 23:35:36.78]  
gcc -O2 -Wall -Wextra -std=c11 HackComp.c -lhacklib -o bin/HackComp
[Tue 09/09/2025 23:35:44.46]  
gcc -O2 -Wall -Wextra -std=c11 HackComp.c -lhacklib -o bin/HackComp
[Tue 09/09/2025 23:38:16.27]  
gcc -O2 -Wall -Wextra -std=c11 HackComp.c -lhacklib -o bin/HackComp
[Tue 09/09/2025 23:38:30.48]  
gcc -O2 -Wall -Wextra -std=c11 HackComp.c -lhacklib -o bin/HackComp
[Tue 09/09/2025 23:39:53.65]  
gcc -O2 -Wall -Wextra -std=c11 HackComp.c -lhacklib -o bin/HackComp
[Tue 09/09/2025 23:46:25.98]  
gcc -O2 -Wall -Wextra -std=c11 HackComp.c -lhacklib -o bin/HackComp
[Tue 09/09/2025 23:46:38.88]  
gcc -O2 -Wall -Wextra -std=c11 HackComp.c -lhacklib -o bin/HackComp
[Tue 09/09/2025 23:55:20.39]  
gcc -O2 -Wall -Wextra -std=c11 HackComp.c -lhacklib -o bin/HackComp
[Tue 09/09/2025 23:57:16.74]  
gcc -O2 -Wall -Wextra -std=c11 HackComp.c -lhacklib -o bin/HackComp
[Tue 09/09/2025 23:58:05.43]  
gcc -O2 -Wall -Wextra -std=c11 HackComp.c -lhacklib -o bin/HackComp
[Tue 09/09/2025 23:58:13.68]  
gcc -O2 -Wall -Wextra -std=c11 HackComp.c -lhacklib -o bin/HackComp
[Wed 09/10/2025  0:01:41.59]  
gcc -O2 -Wall -Wextra -std=c11 HackComp.c -lhacklib -o bin/HackComp
[Wed 09/10/2025  0:18:20.80]  
gcc -O2 -Wall -Wextra -std=c11 HackComp.c -lhacklib -o bin/HackComp
[Wed 09/10/2025  0:18:28.44]  
make: 'bin/HackComp' is up to date.
[Wed 09/10/2025  0:18:56.41]  
gcc -O2 -Wall -Wextra -std=c11 HackComp.c -lhacklib -o bin/HackComp
[Wed 09/10/2025  0:19:12.06]  
gcc -O2 -Wall -Wextra -std=c11 HackComp.c -lhacklib -o bin/HackComp
[Wed 09/10/2025  0:20:07.24]  
gcc -O2 -Wall -Wextra -std=c11 HackComp.c -lhacklib -o bin/HackComp
[Wed 09/10/2025  0:20:53.24]  
gcc -O2 -Wall -Wextra -std=c11 HackComp.c -lhacklib -o bin/HackComp
[Wed 09/10/2025  0:42:54.90]  
gcc -O2 -Wall -Wextra -std=c11 HackComp.c -lhacklib -o bin/HackComp
[Wed 09/10/2025  0:43:06.35]  
gcc -O2 -Wall -Wextra -std=c11 HackComp.c -lhacklib -o bin/HackComp
[Wed 09/10/2025  0:43:07.28]  
make: 'bin/HackComp' is up to date.
[Wed 09/10/2025  0:43:16.13]  
make: 'bin/HackComp' is up to date.
[Wed 09/10/2025  0:43:34.82]  
make: 'bin/HackComp' is up to date.
[Wed 09/10/2025  0:43:55.62]  
gcc -O2 -Wall -Wextra -std=c11 HackComp.c -lhacklib -o bin/HackComp
[Wed 09/10/2025  0:44:20.85]  
gcc -O2 -Wall -Wextra -std=c11 HackComp.c -lhacklib -o bin/HackComp
[Wed 09/10/2025  0:44:27.55]  
gcc -O2 -Wall -Wextra -std=c11 HackComp.c -lhacklib -o bin/HackComp
[Wed 09/10/2025  0:45:24.42]  
gcc -O2 -Wall -Wextra -std=c11 HackComp.c -lhacklib -o bin/HackComp
[Wed 09/10/2025  0:45:38.37]  
gcc -O2 -Wall -Wextra -std=c11 HackComp.c -lhacklib -o bin/HackComp
[Wed 09/10/2025  0:47:37.66]  
gcc -O2 -Wall -Wextra -std=c11 HackComp.c -lhacklib -o bin/HackComp
[Wed 09/10/2025  0:47:58.25]  
make: 'bin/HackComp' is up to date.
[Wed 09/10/2025  0:50:16.70]  
gcc -O2 -Wall -Wextra -std=c11 HackComp.c -lhacklib -o bin/HackComp
[Wed 09/10/2025  0:50:43.34]  
gcc -O2 -Wall -Wextra -std=c11 HackComp.c -lhacklib -o bin/HackComp
[Wed 09/10/2025  0:51:07.28]  
gcc -O2 -Wall -Wextra -std=c11 HackComp.c -lhacklib -o bin/HackComp
[Wed 09/10/2025  0:51:26.92]  
gcc -O2 -Wall -Wextra -std=c11 HackComp.c -lhacklib -o bin/HackComp
[Wed 09/10/2025  0:53:07.34]  
gcc -O2 -Wall -Wextra -std=c11 HackComp.c -lhacklib -o bin/HackComp
[Wed 09/10/2025  1:00:39.38]  
gcc -O2 -Wall -Wextra -std=c11 HackComp.c -lhacklib -o bin/HackComp
[Wed 09/10/2025  1:01:02.86]  
gcc -O2 -Wall -Wextra -std=c11 HackComp.c -lhacklib -o bin/HackComp
[Wed 09/10/2025  1:01:36.48]  
gcc -O2 -Wall -Wextra -std=c11 HackComp.c -lhacklib -o bin/HackComp
[Wed 09/10/2025  1:01:48.85]  
gcc -O2 -Wall -Wextra -std=c11 HackComp.c -lhacklib -o bin/HackComp
[Wed 09/10/2025  1:02:02.52]  
gcc -O2 -Wall -Wextra -std=c11 HackComp.c -lhacklib -o bin/HackComp
[Wed 09/10/2025  1:02:33.05]  
gcc -O2 -Wall -Wextra -std=c11 HackComp.c -lhacklib -o bin/HackComp
[Wed 09/10/2025  1:02:47.75]  
gcc -O2 -Wall -Wextra -std=c11 HackComp.c -lhacklib -o bin/HackComp
[Wed 09/10/2025  1:03:04.82]  
gcc -O2 -Wall -Wextra -std=c11 HackComp.c -lhacklib -o bin/HackComp
[Wed 09/10/2025  1:03:37.85]  
gcc -O2 -Wall -Wextra -std=c11 HackComp.c -lhacklib -o bin/HackComp
[Wed 09/10/2025  1:03:50.56]  
gcc -O2 -Wall -Wextra -std=c11 HackComp.c -lhacklib -o bin/HackComp
[Wed 09/10/2025  1:05:58.47]  
gcc -O2 -Wall -Wextra -std=c11 HackComp.c -lhacklib -o bin/HackComp
[Wed 09/10/2025  1:10:46.52]  
gcc -O2 -Wall -Wextra -std=c11 HackComp.c -lhacklib -o bin/HackComp
[Wed 09/10/2025  1:11:19.71]  
gcc -O2 -Wall -Wextra -std=c11 HackComp.c -lhacklib -o bin/HackComp
[Wed 09/10/2025  1:11:44.08]  
gcc -O2 -Wall -Wextra -std=c11 HackComp.c -lhacklib -o bin/HackComp
[Wed 09/10/2025  1:12:46.32]  
gcc -O2 -Wall -Wextra -std=c11 HackComp.c -lhacklib -o bin/HackComp
[Wed 09/10/2025  1:16:19.94]  
gcc -O2 -Wall -Wextra -std=c11 HackComp.c -lhacklib -o bin/HackComp
[Wed 09/10/2025  1:16:50.70]  
gcc -O2 -Wall -Wextra -std=c11 HackComp.c -lhacklib -o bin/HackComp
[Wed 09/10/2025  1:20:31.04]  
gcc -O2 -Wall -Wextra -std=c11 HackComp.c -lhacklib -o bin/HackComp
[Wed 09/10/2025  1:22:08.64]  
gcc -O2 -Wall -Wextra -std=c11 HackComp.c -lhacklib -o bin/HackComp
[Wed 09/10/2025  1:25:18.89]  
gcc -O2 -Wall -Wextra -std=c11 HackComp.c -lhacklib -o bin/HackComp
[Wed 09/10/2025  1:28:11.34]  
gcc -O2 -Wall -Wextra -std=c11 HackComp.c -lhacklib -o bin/HackComp
[Wed 09/10/2025  1:28:32.32]  
gcc -O2 -Wall -Wextra -std=c11 HackComp.c -lhacklib -o bin/HackComp
[Wed 09/10/2025  1:30:22.56]  
gcc -O2 -Wall -Wextra -std=c11 HackComp.c -lhacklib -o bin/HackComp
[Wed 09/10/2025  1:31:53.17]  
gcc -O2 -Wall -Wextra -std=c11 HackComp.c -lhacklib -o bin/HackComp
[Wed 09/10/2025  1:32:18.14]  
make: 'bin/HackComp' is up to date.
[Wed 09/10/2025  2:56:38.32]  
gcc -O2 -Wall -Wextra -std=c11 HackComp.c -lhacklib -o bin/HackComp
[Wed 09/10/2025  2:57:07.97]  
gcc -O2 -Wall -Wextra -std=c11 HackComp.c -lhacklib -o bin/HackComp
[Wed 09/10/2025  2:57:32.50]  
gcc -O2 -Wall -Wextra -std=c11 HackComp.c -lhacklib -o bin/HackComp
[Wed 09/10/2025  2:57:43.05]  
gcc -O2 -Wall -Wextra -std=c11 HackComp.c -lhacklib -o bin/HackComp
[Wed 09/10/2025  2:58:48.79]  
gcc -O2 -Wall -Wextra -std=c11 HackComp.c -lhacklib -o bin/HackComp
[Wed 09/10/2025  2:59:20.19]  
gcc -O2 -Wall -Wextra -std=c11 HackComp.c -lhacklib -o bin/HackComp
[Wed 09/10/2025  3:00:25.21]  
gcc -O2 -Wall -Wextra -std=c11 HackComp.c -lhacklib -o bin/HackComp
[Wed 09/10/2025  3:00:43.64]  
gcc -O2 -Wall -Wextra -std=c11 HackComp.c -lhacklib -o bin/HackComp
[Wed 09/10/2025  3:01:37.12]  
gcc -O2 -Wall -Wextra -std=c11 HackComp.c -lhacklib -o bin/HackComp
[Wed 09/10/2025  3:09:47.58]  
gcc -O2 -Wall -Wextra -std=c11 HackComp.c -lhacklib -o bin/HackComp
[Wed 09/10/2025  3:10:01.10]  
make: 'bin/HackComp' is up to date.
[Wed 09/10/2025  3:11:37.63]  
gcc -O2 -Wall -Wextra -std=c11 HackComp.c -lhacklib -o bin/HackComp
[Wed 09/10/2025  3:12:49.86]  
make: 'bin/HackComp' is up to date.
[Wed 09/10/2025  3:17:57.84]  
gcc -O2 -Wall -Wextra -std=c11 HackComp.c -lhacklib -o bin/HackComp
[Wed 09/10/2025  3:18:08.91]  
make: 'bin/HackComp' is up to date.
[Wed 09/10/2025  3:23:51.11]  
gcc -O2 -Wall -Wextra -std=c11 HackComp.c -lhacklib -o bin/HackComp
[Wed 09/10/2025  3:24:39.69]  
gcc -O2 -Wall -Wextra -std=c11 HackComp.c -lhacklib -o bin/HackComp
[Wed 09/10/2025  3:32:11.42]  
gcc -O2 -Wall -Wextra -std=c11 HackComp.c -lhacklib -o bin/HackComp
[Wed 09/10/2025  3:34:32.17]  
gcc -O2 -Wall -Wextra -std=c11 HackComp.c -lhacklib -o bin/HackComp
[Wed 09/10/2025  4:13:59.91]  
gcc -O2 -Wall -Wextra -std=c11 HackComp.c -lhacklib -o bin/HackComp
[Wed 09/10/2025  4:14:45.23]  
gcc -O2 -Wall -Wextra -std=c11 HackComp.c -lhacklib -o bin/HackComp
[Wed 09/10/2025  4:15:57.95]  
gcc -O2 -Wall -Wextra -std=c11 HackComp.c -lhacklib -o bin/HackComp
[Wed 09/10/2025  4:43:12.03]  
gcc -O2 -Wall -Wextra -std=c11 HackComp.c -lhacklib -o bin/HackComp
[Wed 09/10/2025  4:43:37.14]  
gcc -O2 -Wall -Wextra -std=c11 HackComp.c -lhacklib -o bin/HackComp
[Wed 09/10/2025  4:44:37.18]  
gcc -O2 -Wall -Wextra -std=c11 HackComp.c -lhacklib -o bin/HackComp
[Wed 09/10/2025  4:46:05.93]  
gcc -O2 -Wall -Wextra -std=c11 HackComp.c -lhacklib -o bin/HackComp
[Wed 09/10/2025  4:49:54.57]  
gcc -O2 -Wall -Wextra -std=c11 HackComp.c -lhacklib -o bin/HackComp
[Wed 09/10/2025  4:50:07.99]  
gcc -O2 -Wall -Wextra -std=c11 HackComp.c -lhacklib -o bin/HackComp
[Wed 09/10/2025  4:50:18.33]  
gcc -O2 -Wall -Wextra -std=c11 HackComp.c -lhacklib -o bin/HackComp
[Wed 09/10/2025  4:50:41.90]  
gcc -O2 -Wall -Wextra -std=c11 HackComp.c -lhacklib -o bin/HackComp
[Wed 09/10/2025  4:50:53.06]  
gcc -O2 -Wall -Wextra -std=c11 HackComp.c -lhacklib -o bin/HackComp
[Wed 09/10/2025  4:54:32.63]  
gcc -O2 -Wall -Wextra -std=c11 HackComp.c -lhacklib -o bin/HackComp
[Wed 09/10/2025  4:55:42.15]  
gcc -O2 -Wall -Wextra -std=c11 HackComp.c -lhacklib -o bin/HackComp
[Wed 09/10/2025  5:11:16.53]  
make: 'bin/HackComp' is up to date.
[Wed 09/10/2025  5:11:46.16]  
make: 'bin/HackComp' is up to date.
[Wed 09/10/2025  5:14:33.79]  
make: 'bin/HackComp' is up to date.
[Wed 09/10/2025  5:23:08.01]  
make: 'bin/HackComp' is up to date.
[Wed 09/10/2025  5:24:45.82]  
make: 'bin/HackComp' is up to date.
[Wed 09/10/2025  5:25:14.89]  
make: 'bin/HackComp' is up to date.
[Wed 09/10/2025  5:42:46.80]  
make: 'bin/HackComp' is up to date.
[Wed 09/10/2025  5:43:42.25]  
make: 'bin/HackComp' is up to date.
[Wed 09/10/2025  5:46:04.59]  
make: 'bin/HackComp' is up to date.
[Wed 09/10/2025  5:46:05.46]  
make: 'bin/HackComp' is up to date.
[Wed 09/10/2025  5:46:37.19]  
make: 'bin/HackComp' is up to date.
[Wed 09/10/2025  5:47:32.48]  
make: 'bin/HackComp' is up to date.
[Wed 09/10/2025  5:47:59.24]  
make: 'bin/HackComp' is up to date.
[Wed 09/10/2025  5:49:21.52]  
make: 'bin/HackComp' is up to date.
[Wed 09/10/2025  5:51:06.42]  
make: 'bin/HackComp' is up to date.
[Wed 09/10/2025  5:51:24.39]  
make: 'bin/HackComp' is up to date.
[Wed 09/10/2025  5:51:37.71]  
make: 'bin/HackComp' is up to date.
[Wed 09/10/2025  5:57:13.08]  
make: 'bin/HackComp' is up to date.
[Wed 09/10/2025  6:00:57.56]  
gcc -O2 -Wall -Wextra -std=c11 HackComp.c -lhacklib -o bin/HackComp
[Wed 09/10/2025  6:01:36.54]  
gcc -O2 -Wall -Wextra -std=c11 HackComp.c -lhacklib -o bin/HackComp
[Wed 09/10/2025  6:02:00.40]  
gcc -O2 -Wall -Wextra -std=c11 HackComp.c -lhacklib -o bin/HackComp
[Wed 09/10/2025  6:02:09.54]  
gcc -O2 -Wall -Wextra -std=c11 HackComp.c -lhacklib -o bin/HackComp
[Wed 09/10/2025  6:03:13.55]  
gcc -O2 -Wall -Wextra -std=c11 HackComp.c -lhacklib -o bin/HackComp
[Wed 09/10/2025  6:04:06.70]  
make: 'bin/HackComp' is up to date.
[Wed 09/10/2025  6:10:47.36]  
make: 'bin/HackComp' is up to date.
[Wed 09/10/2025  6:10:48.18]  
make: 'bin/HackComp' is up to date.
[Wed 09/10/2025  6:11:06.59]  
make: 'bin/HackComp' is up to date.
[Wed 09/10/2025  6:12:54.23]  
make: 'bin/HackComp' is up to date.
[Wed 09/10/2025  6:13:14.82]  
make: 'bin/HackComp' is up to date.
[Wed 09/10/2025  6:14:43.96]  
make: 'bin/HackComp' is up to date.
[Wed 09/10/2025  6:15:18.20]  
make: 'bin/HackComp' is up to date.
[Wed 09/10/2025  6:15:48.51]  
make: 'bin/HackComp' is up to date.
[Wed 09/10/2025  6:16:19.78]  
make: 'bin/HackComp' is up to date.
[Wed 09/10/2025  6:24:29.09]  
make: 'bin/HackComp' is up to date.
[Wed 09/10/2025  6:26:19.35]  
make: 'bin/HackComp' is up to date.
[Wed 09/10/2025  6:32:12.12]  
make: 'bin/HackComp' is up to date.
[Wed 09/10/2025  6:32:23.85]  
make: 'bin/HackComp' is up to date.
[Wed 09/10/2025  8:08:05.79]  
make: 'bin/HackAssembler' is up to date.
[Wed 09/10/2025  8:11:12.70]  
make: 'bin/HackAssembler' is up to date.
[Wed 09/10/2025  8:15:22.78]  
make: 'bin/HackAssembler' is up to date.
[Wed 09/10/2025  8:17:05.27]  
make: 'bin/HackAssembler' is up to date.
[Wed 09/10/2025  8:21:22.42]  
make: 'bin/HackAssembler' is up to date.
[Wed 09/10/2025 18:46:52.33]  
gcc -O2 -Wall -Wextra -std=c11 HackAssembler.c -lhacklib -o bin/HackAssembler
[Wed 09/10/2025 18:47:44.38]  
make: 'bin/HackAssembler' is up to date.
[Wed 09/10/2025 19:09:59.91]  
gcc -O2 -Wall -Wextra -std=c11 HackAssembler.c -lhacklib -o bin/HackAssembler
[Wed 09/10/2025 19:27:11.64]  
gcc -O2 -Wall -Wextra -std=c11 HackAssembler.c -lhacklib -o bin/HackAssembler
[Wed 09/10/2025 23:34:44.39]  
gcc -O2 -Wall -Wextra -std=c11 HackAssembler.c -lhacklib -o bin/HackAssembler
[Wed 09/10/2025 23:35:10.83]  
gcc -O2 -Wall -Wextra -std=c11 HackAssembler.c -lhacklib -o bin/HackAssembler
[Wed 09/10/2025 23:41:12.52]  
make: 'bin/HackAssembler' is up to date.
[Thu 09/11/2025  0:49:33.97]  
gcc -O2 -Wall -Wextra -std=c11 HackAssembler.c -lhacklib -o bin/HackAssembler
[Thu 09/11/2025  2:47:00.60]  
gcc -O2 -Wall -Wextra -std=c11 HackAssembler.c -lhacklib -o bin/HackAssembler
[Thu 09/11/2025  2:51:41.35]  
gcc -O2 -Wall -Wextra -std=c11 HackAssembler.c -lhacklib -o bin/HackAssembler
[Thu 09/11/2025  2:56:27.73]  
gcc -O2 -Wall -Wextra -std=c11 HackAssembler.c -lhacklib -o bin/HackAssembler
[Thu 09/11/2025  3:05:01.79]  
gcc -O2 -Wall -Wextra -std=c11 HackAssembler.c -lhacklib -o bin/HackAssembler
[Thu 09/11/2025  3:06:06.77]  
gcc -O2 -Wall -Wextra -std=c11 HackAssembler.c -lhacklib -o bin/HackAssembler
[Thu 09/11/2025  3:06:20.68]  
gcc -O2 -Wall -Wextra -std=c11 HackAssembler.c -lhacklib -o bin/HackAssembler
[Thu 09/11/2025  3:07:16.58]  
gcc -O2 -Wall -Wextra -std=c11 HackAssembler.c -lhacklib -o bin/HackAssembler
[Thu 09/11/2025  3:07:31.33]  
gcc -O2 -Wall -Wextra -std=c11 HackAssembler.c -lhacklib -o bin/HackAssembler
[Thu 09/11/2025  3:07:54.99]  
gcc -O2 -Wall -Wextra -std=c11 HackAssembler.c -lhacklib -o bin/HackAssembler
[Thu 09/11/2025  3:15:42.50]  
gcc -O2 -Wall -Wextra -std=c11 HackAssembler.c -lhacklib -o bin/HackAssembler
[Thu 09/11/2025  3:16:27.08]  
gcc -O2 -Wall -Wextra -std=c11 HackAssembler.c -lhacklib -o bin/HackAssembler
[Thu 09/11/2025  3:17:14.21]  
gcc -O2 -Wall -Wextra -std=c11 HackAssembler.c -lhacklib -o bin/HackAssembler
[Thu 09/11/2025  3:17:34.92]  
gcc -O2 -Wall -Wextra -std=c11 HackAssembler.c -lhacklib -o bin/HackAssembler
[Thu 09/11/2025  3:18:22.79]  
gcc -O2 -Wall -Wextra -std=c11 HackAssembler.c -lhacklib -o bin/HackAssembler
[Thu 09/11/2025  3:18:38.94]  
gcc -O2 -Wall -Wextra -std=c11 HackAssembler.c -lhacklib -o bin/HackAssembler
[Thu 09/11/2025  3:24:25.93]  
gcc -O2 -Wall -Wextra -std=c11 HackAssembler.c -lhacklib -o bin/HackAssembler
[Thu 09/11/2025  3:24:41.89]  
gcc -O2 -Wall -Wextra -std=c11 HackAssembler.c -lhacklib -o bin/HackAssembler
[Thu 09/11/2025  3:27:08.95]  
gcc -O2 -Wall -Wextra -std=c11 HackAssembler.c -lhacklib -o bin/HackAssembler
[Thu 09/11/2025  3:34:24.41]  
gcc -O2 -Wall -Wextra -std=c11 HackAssembler.c -lhacklib -o bin/HackAssembler
[Thu 09/11/2025  3:36:44.05]  
gcc -O2 -Wall -Wextra -std=c11 HackAssembler.c -lhacklib -o bin/HackAssembler
[Thu 09/11/2025  3:38:43.62]  
gcc -O2 -Wall -Wextra -std=c11 HackAssembler.c -lhacklib -o bin/HackAssembler
[Thu 09/11/2025  3:41:49.52]  
gcc -O2 -Wall -Wextra -std=c11 HackAssembler.c -lhacklib -o bin/HackAssembler
[Thu 09/11/2025  3:43:35.44]  
gcc -O2 -Wall -Wextra -std=c11 HackAssembler.c -lhacklib -o bin/HackAssembler
[Thu 09/11/2025  3:52:17.22]  
gcc -O2 -Wall -Wextra -std=c11 HackAssembler.c -lhacklib -o bin/HackAssembler
[Thu 09/11/2025  3:53:10.02]  
gcc -O2 -Wall -Wextra -std=c11 HackAssembler.c -lhacklib -o bin/HackAssembler
[Thu 09/11/2025  3:53:54.27]  
gcc -O2 -Wall -Wextra -std=c11 HackAssembler.c -lhacklib -o bin/HackAssembler
[Thu 09/11/2025  4:00:56.60]  
gcc -O2 -Wall -Wextra -std=c11 HackAssembler.c -lhacklib -o bin/HackAssembler
[Thu 09/11/2025  4:04:19.43]  
gcc -O2 -Wall -Wextra -std=c11 HackAssembler.c -lhacklib -o bin/HackAssembler
[Thu 09/11/2025  4:04:52.89]  
gcc -O2 -Wall -Wextra -std=c11 HackAssembler.c -lhacklib -o bin/HackAssembler
[Thu 09/11/2025  4:07:36.42]  
gcc -O2 -Wall -Wextra -std=c11 HackAssembler.c -lhacklib -o bin/HackAssembler
[Thu 09/11/2025  4:11:43.07]  
gcc -O2 -Wall -Wextra -std=c11 HackAssembler.c -lhacklib -o bin/HackAssembler
