[Fri 09/05/2025  0:44:02.10]  
[Fri 09/05/2025  0:44:57.27]  
[Fri 09/05/2025  0:45:43.56]  
cc -O2 -Wall -Wextra -std=c11 -Ibuild -c Hacklib.c -o build/Hacklib.o
cc build/Hacklib.o -shared -Wl,--out-implib,build/libhacklib.dll.a -o build/libhacklib.dll
[Fri 09/05/2025  0:46:19.57]  
cc -O2 -Wall -Wextra -std=c11 -Ibuild -c Hacklib.c -o build/Hacklib.o
cc build/Hacklib.o -shared -Wl,--out-implib,build/libhacklib.dll.a -o build/libhacklib.dll
[Fri 09/05/2025  0:47:34.06]  
cc -O2 -Wall -Wextra -std=c11 -Ibuild -c Hacklib.c -o build/Hacklib.o
cc build/Hacklib.o -shared -Wl,--out-implib,build/libhacklib.dll.a -o build/libhacklib.dll
[Fri 09/05/2025  0:54:45.65]  
cc -O2 -Wall -Wextra -std=c11 -I -c Hacklib.c -o build/Hacklib.o
[Fri 09/05/2025  0:55:09.64]  
cc -O2 -Wall -Wextra -std=c11 -I -c Hacklib.c -o build/Hacklib.o
[Fri 09/05/2025  0:55:35.99]  
cc -O2 -Wall -Wextra -std=c11 -fPIC -I. -c Hacklib.c -o Hacklib.o
cc Hacklib.o -shared -Wl,--out-implib,libhacklib.dll.a -o libhacklib.dll
[Fri 09/05/2025  1:13:29.44]  
cc -O2 -Wall -Wextra -std=c11 -fPIC -I. -c Hacklib.c -o Hacklib.o
[Fri 09/05/2025  1:13:50.53]  
cc -O2 -Wall -Wextra -std=c11 -fPIC -I. -c Hacklib.c -o Hacklib.o
cc Hacklib.o -shared -Wl,--out-implib,libhacklib.dll.a -o libhacklib.dll
[Fri 09/05/2025  1:18:28.28]  
cc -O2 -Wall -Wextra -std=c11 -fPIC -I. -c Hacklib.c -o Hacklib.o
cc Hacklib.o -shared -Wl,--out-implib,liblibhacklib.dll.a -o liblibhacklib.dll
[Fri 09/05/2025  1:19:50.00]  
cc -O2 -Wall -Wextra -std=c11 -fPIC -I. -c Hacklib.c -o Hacklib.o
cc Hacklib.o -shared -Wl,--out-implib,libhacklib.dll.a -o libhacklib.dll
[Fri 09/05/2025  1:29:39.99]  
cc -O2 -Wall -Wextra -std=c11 -fPIC -I. -c Hacklib.c -o Hacklib.o
cc Hacklib.o -shared -Wl,--out-implib,libhacklib.dll.a -o libhacklib.dll
[Fri 09/05/2025  1:31:06.63]  
cc -O2 -Wall -Wextra -std=c11 -fPIC -I. -c Hacklib.c -o Hacklib.o
cc Hacklib.o -shared -Wl,--out-implib,libhacklib.dll.a -o libhacklib.dll
[Fri 09/05/2025  1:58:53.79]  
cc -O2 -Wall -Wextra -std=c11 -fPIC -I. -c Hacklib.c -o Hacklib.o
[Fri 09/05/2025  1:59:16.65]  
cc -O2 -Wall -Wextra -std=c11 -fPIC -I. -c Hacklib.c -o Hacklib.o
cc Hacklib.o -shared -Wl,--out-implib,libhacklib.dll.a -o libhacklib.dll
[Fri 09/05/2025  1:59:45.56]  
cc -O2 -Wall -Wextra -std=c11 -fPIC -I. -c Hacklib.c -o Hacklib.o
cc Hacklib.o -shared -Wl,--out-implib,libhacklib.dll.a -o libhacklib.dll
[Fri 09/05/2025  2:42:40.99]  
cc -O2 -Wall -Wextra -std=c11 -fPIC -I. -c Hacklib.c -o Hacklib.o
cc Hacklib.o -shared -Wl,--out-implib,libhacklib.dll.a -o libhacklib.dll
[Fri 09/05/2025  2:42:50.81]  
cc -O2 -Wall -Wextra -std=c11 -fPIC -I. -c Hacklib.c -o Hacklib.o
cc Hacklib.o -shared -Wl,--out-implib,libhacklib.dll.a -o libhacklib.dll
[Fri 09/05/2025  2:43:36.35]  
cc -O2 -Wall -Wextra -std=c11 -fPIC -I. -c Hacklib.c -o Hacklib.o
cc Hacklib.o -shared -Wl,--out-implib,libhacklib.dll.a -o libhacklib.dll
[Fri 09/05/2025  2:53:04.31]  
cc -O2 -Wall -Wextra -std=c11 -fPIC -I. -c Hacklib.c -o Hacklib.o
[Fri 09/05/2025  2:54:47.35]  
cc -O2 -Wall -Wextra -std=c11 -fPIC -I. -c Hacklib.c -o Hacklib.o
[Fri 09/05/2025  2:55:21.22]  
cc -O2 -Wall -Wextra -std=c11 -fPIC -I. -c Hacklib.c -o Hacklib.o
cc Hacklib.o -shared -Wl,--out-implib,libhacklib.dll.a -o libhacklib.dll
[Fri 09/05/2025  2:59:15.74]  
cc -O2 -Wall -Wextra -std=c11 -fPIC -I. -c Hacklib.c -o Hacklib.o
cc Hacklib.o -shared -Wl,--out-implib,libhacklib.dll.a -o libhacklib.dll
[Fri 09/05/2025  3:03:52.29]  
cc -O2 -Wall -Wextra -std=c11 -fPIC -I. -c Hacklib.c -o Hacklib.o
cc Hacklib.o -shared -Wl,--out-implib,libhacklib.dll.a -o libhacklib.dll
[Fri 09/05/2025  3:05:57.25]  
cc -O2 -Wall -Wextra -std=c11 -fPIC -I. -c Hacklib.c -o Hacklib.o
cc Hacklib.o -shared -Wl,--out-implib,libhacklib.dll.a -o libhacklib.dll
[Fri 09/05/2025  3:06:34.08]  
cc -O2 -Wall -Wextra -std=c11 -fPIC -I. -c Hacklib.c -o Hacklib.o
cc Hacklib.o -shared -Wl,--out-implib,libhacklib.dll.a -o libhacklib.dll
[Fri 09/05/2025  3:07:19.33]  
cc -O2 -Wall -Wextra -std=c11 -fPIC -I. -c Hacklib.c -o Hacklib.o
cc Hacklib.o -shared -Wl,--out-implib,libhacklib.dll.a -o libhacklib.dll
[Fri 09/05/2025  3:10:24.90]  
cc -O2 -Wall -Wextra -std=c11 -fPIC -I. -c Hacklib.c -o Hacklib.o
cc Hacklib.o -shared -Wl,--out-implib,libhacklib.dll.a -o libhacklib.dll
[Fri 09/05/2025  3:17:30.78]  
cc -O2 -Wall -Wextra -std=c11 -fPIC -I. -c Hacklib.c -o Hacklib.o
cc Hacklib.o -shared -Wl,--out-implib,libhacklib.dll.a -o libhacklib.dll
[Fri 09/05/2025  3:19:47.08]  
cc -O2 -Wall -Wextra -std=c11 -fPIC -I. -c Hacklib.c -o Hacklib.o
cc Hacklib.o -shared -Wl,--out-implib,libhacklib.dll.a -o libhacklib.dll
[Fri 09/05/2025  3:20:05.39]  
cc -O2 -Wall -Wextra -std=c11 -fPIC -I. -c Hacklib.c -o Hacklib.o
cc Hacklib.o -shared -Wl,--out-implib,libhacklib.dll.a -o libhacklib.dll
[Fri 09/05/2025  3:21:48.98]  
cc -O2 -Wall -Wextra -std=c11 -fPIC -I. -c Hacklib.c -o Hacklib.o
cc Hacklib.o -shared -Wl,--out-implib,libhacklib.dll.a -o libhacklib.dll
[Fri 09/05/2025  3:22:14.93]  
cc -O2 -Wall -Wextra -std=c11 -fPIC -I. -c Hacklib.c -o Hacklib.o
cc Hacklib.o -shared -Wl,--out-implib,libhacklib.dll.a -o libhacklib.dll
[Fri 09/05/2025  3:25:06.46]  
cc -O2 -Wall -Wextra -std=c11 -fPIC -I. -c Hacklib.c -o Hacklib.o
cc Hacklib.o -shared -Wl,--out-implib,libhacklib.dll.a -o libhacklib.dll
[Fri 09/05/2025  3:31:05.91]  
cc -O2 -Wall -Wextra -std=c11 -fPIC -I. -c Hacklib.c -o Hacklib.o
[Fri 09/05/2025  3:31:23.51]  
cc -O2 -Wall -Wextra -std=c11 -fPIC -I. -c Hacklib.c -o Hacklib.o
cc Hacklib.o -shared -Wl,--out-implib,libhacklib.dll.a -o libhacklib.dll
[Fri 09/05/2025  3:33:48.58]  
cc -O2 -Wall -Wextra -std=c11 -fPIC -I. -c Hacklib.c -o Hacklib.o
cc Hacklib.o -shared -Wl,--out-implib,libhacklib.dll.a -o libhacklib.dll
[Fri 09/05/2025  3:34:23.38]  
cc -O2 -Wall -Wextra -std=c11 -fPIC -I. -c Hacklib.c -o Hacklib.o
cc Hacklib.o -shared -Wl,--out-implib,libhacklib.dll.a -o libhacklib.dll
[Fri 09/05/2025  3:40:17.57]  
cc -O2 -Wall -Wextra -std=c11 -fPIC -I. -c Hacklib.c -o Hacklib.o
cc Hacklib.o -shared -Wl,--out-implib,libhacklib.dll.a -o libhacklib.dll
[Fri 09/05/2025  3:46:23.84]  
cc -O2 -Wall -Wextra -std=c11 -fPIC -I. -c Hacklib.c -o Hacklib.o
cc Hacklib.o -shared -Wl,--out-implib,libhacklib.dll.a -o libhacklib.dll
[Fri 09/05/2025  3:49:26.00]  
cc -O2 -Wall -Wextra -std=c11 -fPIC -I. -c Hacklib.c -o Hacklib.o
cc Hacklib.o -shared -Wl,--out-implib,libhacklib.dll.a -o libhacklib.dll
[Fri 09/05/2025  3:50:21.52]  
cc -O2 -Wall -Wextra -std=c11 -fPIC -I. -c Hacklib.c -o Hacklib.o
cc Hacklib.o -shared -Wl,--out-implib,libhacklib.dll.a -o libhacklib.dll
[Fri 09/05/2025  3:53:23.60]  
cc -O2 -Wall -Wextra -std=c11 -fPIC -I. -c Hacklib.c -o Hacklib.o
cc Hacklib.o -shared -Wl,--out-implib,libhacklib.dll.a -o libhacklib.dll
[Fri 09/05/2025  3:56:56.17]  
cc -O2 -Wall -Wextra -std=c11 -fPIC -I. -c Hacklib.c -o Hacklib.o
cc Hacklib.o -shared -Wl,--out-implib,libhacklib.dll.a -o libhacklib.dll
[Fri 09/05/2025  4:06:43.20]  
cc -O2 -Wall -Wextra -std=c11 -fPIC -I. -c Hacklib.c -o Hacklib.o
cc Hacklib.o -shared -Wl,--out-implib,libhacklib.dll.a -o libhacklib.dll
[Fri 09/05/2025  5:14:46.28]  
cc -O2 -Wall -Wextra -std=c11 -fPIC -I. -c Hacklib.c -o Hacklib.o
[Fri 09/05/2025  5:15:52.10]  
cc -O2 -Wall -Wextra -std=c11 -fPIC -I. -c Hacklib.c -o Hacklib.o
[Fri 09/05/2025  5:16:14.03]  
cc -O2 -Wall -Wextra -std=c11 -fPIC -I. -c Hacklib.c -o Hacklib.o
cc Hacklib.o -shared -Wl,--out-implib,libhacklib.dll.a -o libhacklib.dll
[Fri 09/05/2025  5:16:34.53]  
cc -O2 -Wall -Wextra -std=c11 -fPIC -I. -c Hacklib.c -o Hacklib.o
[Fri 09/05/2025  5:16:40.95]  
cc -O2 -Wall -Wextra -std=c11 -fPIC -I. -c Hacklib.c -o Hacklib.o
cc Hacklib.o -shared -Wl,--out-implib,libhacklib.dll.a -o libhacklib.dll
[Fri 09/05/2025  5:17:27.62]  
cc -O2 -Wall -Wextra -std=c11 -fPIC -I. -c Hacklib.c -o Hacklib.o
cc Hacklib.o -shared -Wl,--out-implib,libhacklib.dll.a -o libhacklib.dll
[Fri 09/05/2025  5:17:38.81]  
cc -O2 -Wall -Wextra -std=c11 -fPIC -I. -c Hacklib.c -o Hacklib.o
cc Hacklib.o -shared -Wl,--out-implib,libhacklib.dll.a -o libhacklib.dll
[Fri 09/05/2025  5:17:49.35]  
cc -O2 -Wall -Wextra -std=c11 -fPIC -I. -c Hacklib.c -o Hacklib.o
[Fri 09/05/2025  5:18:19.53]  
cc -O2 -Wall -Wextra -std=c11 -fPIC -I. -c Hacklib.c -o Hacklib.o
cc Hacklib.o -shared -Wl,--out-implib,libhacklib.dll.a -o libhacklib.dll
[Fri 09/05/2025  5:20:17.59]  
cc -O2 -Wall -Wextra -std=c11 -fPIC -I. -c Hacklib.c -o Hacklib.o
cc Hacklib.o -shared -Wl,--out-implib,libhacklib.dll.a -o libhacklib.dll
[Fri 09/05/2025  5:21:07.83]  
cc -O2 -Wall -Wextra -std=c11 -fPIC -I. -c Hacklib.c -o Hacklib.o
cc Hacklib.o -shared -Wl,--out-implib,libhacklib.dll.a -o libhacklib.dll
[Fri 09/05/2025  7:18:46.09]  
cc -O2 -Wall -Wextra -std=c11 -fPIC -I. -c Hacklib.c -o Hacklib.o
cc Hacklib.o -shared -Wl,--out-implib,libhacklib.dll.a -o libhacklib.dll
[Fri 09/05/2025 15:11:15.00]  
cc -O2 -Wall -Wextra -std=c11 -fPIC -I. -c Hacklib.c -o Hacklib.o
cc Hacklib.o -shared -Wl,--out-implib,libhacklib.dll.a -o libhacklib.dll
[Sat 09/06/2025  2:35:53.94]  
cc -O2 -Wall -Wextra -std=c11 -fPIC -I. -c Hacklib.c -o Hacklib.o
cc Hacklib.o -shared -Wl,--out-implib,libhacklib.dll.a -o libhacklib.dll
[Sat 09/06/2025  4:03:45.46]  
cc -O2 -Wall -Wextra -std=c11 -fPIC -I. -c Hacklib.c -o Hacklib.o
[Sat 09/06/2025  4:04:11.96]  
cc -O2 -Wall -Wextra -std=c11 -fPIC -I. -c Hacklib.c -o Hacklib.o
[Sat 09/06/2025  4:04:19.97]  
cc -O2 -Wall -Wextra -std=c11 -fPIC -I. -c Hacklib.c -o Hacklib.o
cc Hacklib.o -shared -Wl,--out-implib,libhacklib.dll.a -o libhacklib.dll
[Sat 09/06/2025  4:25:30.86]  
cc -O2 -Wall -Wextra -std=c11 -fPIC -I. -c Hacklib.c -o Hacklib.o
cc Hacklib.o -shared -Wl,--out-implib,libhacklib.dll.a -o libhacklib.dll
[Sat 09/06/2025  4:27:58.39]  
cc -O2 -Wall -Wextra -std=c11 -fPIC -I. -c Hacklib.c -o Hacklib.o
cc Hacklib.o -shared -Wl,--out-implib,libhacklib.dll.a -o libhacklib.dll
[Sat 09/06/2025  4:33:29.20]  
cc -O2 -Wall -Wextra -std=c11 -fPIC -I. -c Hacklib.c -o Hacklib.o
cc Hacklib.o -shared -Wl,--out-implib,libhacklib.dll.a -o libhacklib.dll
[Sat 09/06/2025  4:53:57.61]  
cc -O2 -Wall -Wextra -std=c11 -fPIC -I. -c Hacklib.c -o Hacklib.o
cc Hacklib.o -shared -Wl,--out-implib,libhacklib.dll.a -o libhacklib.dll
[Sat 09/06/2025  4:55:15.25]  
cc -O2 -Wall -Wextra -std=c11 -fPIC -I. -c Hacklib.c -o Hacklib.o
cc Hacklib.o -shared -Wl,--out-implib,libhacklib.dll.a -o libhacklib.dll
[Sat 09/06/2025  5:01:40.59]  
cc -O2 -Wall -Wextra -std=c11 -fPIC -I. -c Hacklib.c -o Hacklib.o
cc Hacklib.o -shared -Wl,--out-implib,libhacklib.dll.a -o libhacklib.dll
[Sat 09/06/2025  5:03:07.96]  
cc -O2 -Wall -Wextra -std=c11 -fPIC -I. -c Hacklib.c -o Hacklib.o
cc Hacklib.o -shared -Wl,--out-implib,libhacklib.dll.a -o libhacklib.dll
[Sat 09/06/2025  5:03:35.23]  
cc -O2 -Wall -Wextra -std=c11 -fPIC -I. -c Hacklib.c -o Hacklib.o
cc Hacklib.o -shared -Wl,--out-implib,libhacklib.dll.a -o libhacklib.dll
[Sat 09/06/2025  5:05:58.72]  
cc -O2 -Wall -Wextra -std=c11 -fPIC -I. -c Hacklib.c -o Hacklib.o
cc Hacklib.o -shared -Wl,--out-implib,libhacklib.dll.a -o libhacklib.dll
[Sat 09/06/2025  5:07:52.66]  
cc -O2 -Wall -Wextra -std=c11 -fPIC -I. -c Hacklib.c -o Hacklib.o
cc Hacklib.o -shared -Wl,--out-implib,libhacklib.dll.a -o libhacklib.dll
[Sat 09/06/2025  5:11:12.02]  
cc -O2 -Wall -Wextra -std=c11 -fPIC -I. -c Hacklib.c -o Hacklib.o
cc Hacklib.o -shared -Wl,--out-implib,libhacklib.dll.a -o libhacklib.dll
[Sat 09/06/2025  5:11:56.14]  
cc -O2 -Wall -Wextra -std=c11 -fPIC -I. -c Hacklib.c -o Hacklib.o
cc Hacklib.o -shared -Wl,--out-implib,libhacklib.dll.a -o libhacklib.dll
[Sat 09/06/2025  5:12:31.18]  
cc -O2 -Wall -Wextra -std=c11 -fPIC -I. -c Hacklib.c -o Hacklib.o
cc Hacklib.o -shared -Wl,--out-implib,libhacklib.dll.a -o libhacklib.dll
[Sat 09/06/2025  5:18:02.47]  
cc -O2 -Wall -Wextra -std=c11 -fPIC -I. -c Hacklib.c -o Hacklib.o
cc Hacklib.o -shared -Wl,--out-implib,libhacklib.dll.a -o libhacklib.dll
[Sat 09/06/2025  5:37:13.96]  
cc -O2 -Wall -Wextra -std=c11 -fPIC -I. -c Hacklib.c -o Hacklib.o
cc Hacklib.o -shared -Wl,--out-implib,libhacklib.dll.a -o libhacklib.dll
[Sat 09/06/2025  5:46:57.41]  
cc -O2 -Wall -Wextra -std=c11 -fPIC -I. -c Hacklib.c -o Hacklib.o
cc Hacklib.o -shared -Wl,--out-implib,libhacklib.dll.a -o libhacklib.dll
[Sat 09/06/2025  5:51:52.02]  
cc -O2 -Wall -Wextra -std=c11 -fPIC -I. -c Hacklib.c -o Hacklib.o
cc Hacklib.o -shared -Wl,--out-implib,libhacklib.dll.a -o libhacklib.dll
[Sat 09/06/2025  6:09:07.16]  
cc -O2 -Wall -Wextra -std=c11 -fPIC -I. -c Hacklib.c -o Hacklib.o
cc Hacklib.o -shared -Wl,--out-implib,libhacklib.dll.a -o libhacklib.dll
[Sat 09/06/2025  6:46:33.40]  
cc -O2 -Wall -Wextra -std=c11 -fPIC -I. -c Hacklib.c -o Hacklib.o
cc Hacklib.o -shared -Wl,--out-implib,libhacklib.dll.a -o libhacklib.dll
[Sat 09/06/2025  6:47:55.37]  
cc -O2 -Wall -Wextra -std=c11 -fPIC -I. -c Hacklib.c -o Hacklib.o
cc Hacklib.o -shared -Wl,--out-implib,libhacklib.dll.a -o libhacklib.dll
[Sat 09/06/2025  6:51:43.70]  
cc -O2 -Wall -Wextra -std=c11 -fPIC -I. -c Hacklib.c -o Hacklib.o
cc Hacklib.o -shared -Wl,--out-implib,libhacklib.dll.a -o libhacklib.dll
[Sat 09/06/2025 16:06:38.81]  
cc -O2 -Wall -Wextra -std=c11 -fPIC -I. -c Hacklib.c -o Hacklib.o
cc Hacklib.o -shared -Wl,--out-implib,libhacklib.dll.a -o libhacklib.dll
[Sat 09/06/2025 16:17:28.45]  
cc -O2 -Wall -Wextra -std=c11 -fPIC -I. -c Hacklib.c -o Hacklib.o
cc Hacklib.o -shared -Wl,--out-implib,libhacklib.dll.a -o libhacklib.dll
[Sat 09/06/2025 16:18:03.40]  
cc -O2 -Wall -Wextra -std=c11 -fPIC -I. -c Hacklib.c -o Hacklib.o
cc Hacklib.o -shared -Wl,--out-implib,libhacklib.dll.a -o libhacklib.dll
[Sat 09/06/2025 16:19:22.62]  
cc -O2 -Wall -Wextra -std=c11 -fPIC -I. -c Hacklib.c -o Hacklib.o
cc Hacklib.o -shared -Wl,--out-implib,libhacklib.dll.a -o libhacklib.dll
[Sat 09/06/2025 16:27:14.03]  
cc -O2 -Wall -Wextra -std=c11 -fPIC -I. -c Hacklib.c -o Hacklib.o
cc Hacklib.o -shared -Wl,--out-implib,libhacklib.dll.a -o libhacklib.dll
[Sat 09/06/2025 16:27:49.37]  
cc -O2 -Wall -Wextra -std=c11 -fPIC -I. -c Hacklib.c -o Hacklib.o
cc Hacklib.o -shared -Wl,--out-implib,libhacklib.dll.a -o libhacklib.dll
[Sat 09/06/2025 16:36:05.84]  
cc -O2 -Wall -Wextra -std=c11 -fPIC -I. -c Hacklib.c -o Hacklib.o
cc Hacklib.o -shared -Wl,--out-implib,libhacklib.dll.a -o libhacklib.dll
[Sat 09/06/2025 17:47:20.64]  
cc -O2 -Wall -Wextra -std=c11 -fPIC -I. -c Hacklib.c -o Hacklib.o
[Sat 09/06/2025 17:47:32.66]  
cc -O2 -Wall -Wextra -std=c11 -fPIC -I. -c Hacklib.c -o Hacklib.o
cc Hacklib.o -shared -Wl,--out-implib,libhacklib.dll.a -o libhacklib.dll
[Sat 09/06/2025 17:52:43.21]  
cc -O2 -Wall -Wextra -std=c11 -fPIC -I. -c Hacklib.c -o Hacklib.o
cc Hacklib.o -shared -Wl,--out-implib,libhacklib.dll.a -o libhacklib.dll
[Sat 09/06/2025 17:53:36.46]  
cc -O2 -Wall -Wextra -std=c11 -fPIC -I. -c Hacklib.c -o Hacklib.o
cc Hacklib.o -shared -Wl,--out-implib,libhacklib.dll.a -o libhacklib.dll
[Sat 09/06/2025 17:56:21.12]  
cc -O2 -Wall -Wextra -std=c11 -fPIC -I. -c Hacklib.c -o Hacklib.o
cc Hacklib.o -shared -Wl,--out-implib,libhacklib.dll.a -o libhacklib.dll
[Sat 09/06/2025 17:58:28.83]  
cc -O2 -Wall -Wextra -std=c11 -fPIC -I. -c Hacklib.c -o Hacklib.o
cc Hacklib.o -shared -Wl,--out-implib,libhacklib.dll.a -o libhacklib.dll
[Sun 09/07/2025  5:09:31.47]  
cc -O2 -Wall -Wextra -std=c11 -fPIC -I. -c Hacklib.c -o Hacklib.o
cc Hacklib.o -shared -Wl,--out-implib,libhacklib.dll.a -o libhacklib.dll
[Sun 09/07/2025  5:09:54.84]  
cc -O2 -Wall -Wextra -std=c11 -fPIC -I. -c Hacklib.c -o Hacklib.o
cc Hacklib.o -shared -Wl,--out-implib,libhacklib.dll.a -o libhacklib.dll
[Sun 09/07/2025  5:15:20.72]  
cc -O2 -Wall -Wextra -std=c11 -fPIC -I. -c Hacklib.c -o Hacklib.o
cc Hacklib.o -shared -Wl,--out-implib,libhacklib.dll.a -o libhacklib.dll
[Sun 09/07/2025  5:15:43.35]  
cc -O2 -Wall -Wextra -std=c11 -fPIC -I. -c Hacklib.c -o Hacklib.o
cc Hacklib.o -shared -Wl,--out-implib,libhacklib.dll.a -o libhacklib.dll
[Sun 09/07/2025  5:24:17.60]  
cc -O2 -Wall -Wextra -std=c11 -fPIC -I. -c Hacklib.c -o Hacklib.o
cc Hacklib.o -shared -Wl,--out-implib,libhacklib.dll.a -o libhacklib.dll
[Sun 09/07/2025  5:26:36.63]  
cc -O2 -Wall -Wextra -std=c11 -fPIC -I. -c Hacklib.c -o Hacklib.o
cc Hacklib.o -shared -Wl,--out-implib,libhacklib.dll.a -o libhacklib.dll
[Sun 09/07/2025  5:27:19.79]  
cc -O2 -Wall -Wextra -std=c11 -fPIC -I. -c Hacklib.c -o Hacklib.o
cc Hacklib.o -shared -Wl,--out-implib,libhacklib.dll.a -o libhacklib.dll
[Sun 09/07/2025  5:27:50.87]  
cc -O2 -Wall -Wextra -std=c11 -fPIC -I. -c Hacklib.c -o Hacklib.o
cc Hacklib.o -shared -Wl,--out-implib,libhacklib.dll.a -o libhacklib.dll
[Sun 09/07/2025  5:28:42.44]  
cc -O2 -Wall -Wextra -std=c11 -fPIC -I. -c Hacklib.c -o Hacklib.o
cc Hacklib.o -shared -Wl,--out-implib,libhacklib.dll.a -o libhacklib.dll
[Sun 09/07/2025  5:29:10.85]  
cc -O2 -Wall -Wextra -std=c11 -fPIC -I. -c Hacklib.c -o Hacklib.o
cc Hacklib.o -shared -Wl,--out-implib,libhacklib.dll.a -o libhacklib.dll
[Sun 09/07/2025  5:30:32.04]  
cc -O2 -Wall -Wextra -std=c11 -fPIC -I. -c Hacklib.c -o Hacklib.o
cc Hacklib.o -shared -Wl,--out-implib,libhacklib.dll.a -o libhacklib.dll
[Sun 09/07/2025  5:35:59.37]  
cc -O2 -Wall -Wextra -std=c11 -fPIC -I. -c Hacklib.c -o Hacklib.o
cc Hacklib.o -shared -Wl,--out-implib,libhacklib.dll.a -o libhacklib.dll
[Sun 09/07/2025 13:10:05.93]  
cc -O2 -Wall -Wextra -std=c11 -fPIC -I. -c Hacklib.c -o Hacklib.o
cc Hacklib.o -shared -Wl,--out-implib,libhacklib.dll.a -o libhacklib.dll
[Sun 09/07/2025 21:06:17.37]  
cc -O2 -Wall -Wextra -std=c11 -fPIC -I. -c Hacklib.c -o Hacklib.o
[Sun 09/07/2025 21:06:26.47]  
cc -O2 -Wall -Wextra -std=c11 -fPIC -I. -c Hacklib.c -o Hacklib.o
[Sun 09/07/2025 21:08:13.47]  
cc -O2 -Wall -Wextra -std=c11 -fPIC -I. -c Hacklib.c -o Hacklib.o
cc Hacklib.o -shared -Wl,--out-implib,libhacklib.dll.a -o libhacklib.dll
[Sun 09/07/2025 21:10:47.35]  
cc -O2 -Wall -Wextra -std=c11 -fPIC -I. -c Hacklib.c -o Hacklib.o
cc Hacklib.o -shared -Wl,--out-implib,libhacklib.dll.a -o libhacklib.dll
[Sun 09/07/2025 21:14:19.55]  
cc -O2 -Wall -Wextra -std=c11 -fPIC -I. -c Hacklib.c -o Hacklib.o
cc Hacklib.o -shared -Wl,--out-implib,libhacklib.dll.a -o libhacklib.dll
[Sun 09/07/2025 21:19:06.93]  
cc -O2 -Wall -Wextra -std=c11 -fPIC -I. -c Hacklib.c -o Hacklib.o
cc Hacklib.o -shared -Wl,--out-implib,libhacklib.dll.a -o libhacklib.dll
[Sun 09/07/2025 21:21:28.80]  
cc -O2 -Wall -Wextra -std=c11 -fPIC -I. -c Hacklib.c -o Hacklib.o
cc Hacklib.o -shared -Wl,--out-implib,libhacklib.dll.a -o libhacklib.dll
[Sun 09/07/2025 21:24:03.78]  
cc -O2 -Wall -Wextra -std=c11 -fPIC -I. -c Hacklib.c -o Hacklib.o
cc Hacklib.o -shared -Wl,--out-implib,libhacklib.dll.a -o libhacklib.dll
[Sun 09/07/2025 21:24:23.99]  
cc -O2 -Wall -Wextra -std=c11 -fPIC -I. -c Hacklib.c -o Hacklib.o
cc Hacklib.o -shared -Wl,--out-implib,libhacklib.dll.a -o libhacklib.dll
[Sun 09/07/2025 21:28:47.03]  
cc -O2 -Wall -Wextra -std=c11 -fPIC -I. -c Hacklib.c -o Hacklib.o
cc Hacklib.o -shared -Wl,--out-implib,libhacklib.dll.a -o libhacklib.dll
[Sun 09/07/2025 21:36:49.33]  
cc -O2 -Wall -Wextra -std=c11 -fPIC -I. -c Hacklib.c -o Hacklib.o
cc Hacklib.o -shared -Wl,--out-implib,libhacklib.dll.a -o libhacklib.dll
[Sun 09/07/2025 21:37:58.97]  
cc -O2 -Wall -Wextra -std=c11 -fPIC -I. -c Hacklib.c -o Hacklib.o
cc Hacklib.o -shared -Wl,--out-implib,libhacklib.dll.a -o libhacklib.dll
[Sun 09/07/2025 21:39:07.05]  
cc -O2 -Wall -Wextra -std=c11 -fPIC -I. -c Hacklib.c -o Hacklib.o
cc Hacklib.o -shared -Wl,--out-implib,libhacklib.dll.a -o libhacklib.dll
[Sun 09/07/2025 21:43:57.04]  
cc -O2 -Wall -Wextra -std=c11 -fPIC -I. -c Hacklib.c -o Hacklib.o
cc Hacklib.o -shared -Wl,--out-implib,libhacklib.dll.a -o libhacklib.dll
[Sun 09/07/2025 21:45:19.09]  
cc -O2 -Wall -Wextra -std=c11 -fPIC -I. -c Hacklib.c -o Hacklib.o
cc Hacklib.o -shared -Wl,--out-implib,libhacklib.dll.a -o libhacklib.dll
[Sun 09/07/2025 21:46:02.89]  
cc -O2 -Wall -Wextra -std=c11 -fPIC -I. -c Hacklib.c -o Hacklib.o
cc Hacklib.o -shared -Wl,--out-implib,libhacklib.dll.a -o libhacklib.dll
[Sun 09/07/2025 21:53:38.72]  
cc -O2 -Wall -Wextra -std=c11 -fPIC -I. -c Hacklib.c -o Hacklib.o
cc Hacklib.o -shared -Wl,--out-implib,libhacklib.dll.a -o libhacklib.dll
[Sun 09/07/2025 21:54:44.37]  
cc -O2 -Wall -Wextra -std=c11 -fPIC -I. -c Hacklib.c -o Hacklib.o
cc Hacklib.o -shared -Wl,--out-implib,libhacklib.dll.a -o libhacklib.dll
[Sun 09/07/2025 22:32:38.86]  
cc -O2 -Wall -Wextra -std=c11 -fPIC -I. -c Hacklib.c -o Hacklib.o
cc Hacklib.o -shared -Wl,--out-implib,libhacklib.dll.a -o libhacklib.dll
[Sun 09/07/2025 23:29:11.07]  
cc -O2 -Wall -Wextra -std=c11 -fPIC -I. -c Hacklib.c -o Hacklib.o
cc Hacklib.o -shared -Wl,--out-implib,libhacklib.dll.a -o libhacklib.dll
[Sun 09/07/2025 23:32:43.61]  
cc -O2 -Wall -Wextra -std=c11 -fPIC -I. -c Hacklib.c -o Hacklib.o
cc Hacklib.o -shared -Wl,--out-implib,libhacklib.dll.a -o libhacklib.dll
[Sun 09/07/2025 23:36:17.80]  
cc -O2 -Wall -Wextra -std=c11 -fPIC -I. -c Hacklib.c -o Hacklib.o
cc Hacklib.o -shared -Wl,--out-implib,libhacklib.dll.a -o libhacklib.dll
[Sun 09/07/2025 23:37:44.23]  
cc -O2 -Wall -Wextra -std=c11 -fPIC -I. -c Hacklib.c -o Hacklib.o
cc Hacklib.o -shared -Wl,--out-implib,libhacklib.dll.a -o libhacklib.dll
[Sun 09/07/2025 23:38:40.90]  
cc -O2 -Wall -Wextra -std=c11 -fPIC -I. -c Hacklib.c -o Hacklib.o
cc Hacklib.o -shared -Wl,--out-implib,libhacklib.dll.a -o libhacklib.dll
[Sun 09/07/2025 23:38:55.68]  
cc -O2 -Wall -Wextra -std=c11 -fPIC -I. -c Hacklib.c -o Hacklib.o
cc Hacklib.o -shared -Wl,--out-implib,libhacklib.dll.a -o libhacklib.dll
[Sun 09/07/2025 23:40:14.22]  
cc -O2 -Wall -Wextra -std=c11 -fPIC -I. -c Hacklib.c -o Hacklib.o
cc Hacklib.o -shared -Wl,--out-implib,libhacklib.dll.a -o libhacklib.dll
[Sun 09/07/2025 23:45:18.07]  
cc -O2 -Wall -Wextra -std=c11 -fPIC -I. -c Hacklib.c -o Hacklib.o
cc Hacklib.o -shared -Wl,--out-implib,libhacklib.dll.a -o libhacklib.dll
[Sun 09/07/2025 23:45:50.24]  
cc -O2 -Wall -Wextra -std=c11 -fPIC -I. -c Hacklib.c -o Hacklib.o
cc Hacklib.o -shared -Wl,--out-implib,libhacklib.dll.a -o libhacklib.dll
[Mon 09/08/2025  1:44:13.62]  
cc -O2 -Wall -Wextra -std=c11 -fPIC -I. -c Hacklib.c -o Hacklib.o
[Mon 09/08/2025  1:45:09.48]  
cc -O2 -Wall -Wextra -std=c11 -fPIC -I. -c Hacklib.c -o Hacklib.o
cc Hacklib.o -shared -Wl,--out-implib,libhacklib.dll.a -o libhacklib.dll
[Mon 09/08/2025  1:54:49.75]  
cc -O2 -Wall -Wextra -std=c11 -fPIC -I. -c Hacklib.c -o Hacklib.o
cc Hacklib.o -shared -Wl,--out-implib,libhacklib.dll.a -o libhacklib.dll
[Mon 09/08/2025  1:56:12.52]  
cc -O2 -Wall -Wextra -std=c11 -fPIC -I. -c Hacklib.c -o Hacklib.o
cc Hacklib.o -shared -Wl,--out-implib,libhacklib.dll.a -o libhacklib.dll
[Mon 09/08/2025  1:57:45.39]  
cc -O2 -Wall -Wextra -std=c11 -fPIC -I. -c Hacklib.c -o Hacklib.o
cc Hacklib.o -shared -Wl,--out-implib,libhacklib.dll.a -o libhacklib.dll
[Mon 09/08/2025  1:58:16.14]  
cc -O2 -Wall -Wextra -std=c11 -fPIC -I. -c Hacklib.c -o Hacklib.o
cc Hacklib.o -shared -Wl,--out-implib,libhacklib.dll.a -o libhacklib.dll
[Mon 09/08/2025  1:59:29.66]  
cc -O2 -Wall -Wextra -std=c11 -fPIC -I. -c Hacklib.c -o Hacklib.o
cc Hacklib.o -shared -Wl,--out-implib,libhacklib.dll.a -o libhacklib.dll
[Mon 09/08/2025  2:03:30.62]  
cc -O2 -Wall -Wextra -std=c11 -fPIC -I. -c Hacklib.c -o Hacklib.o
cc Hacklib.o -shared -Wl,--out-implib,libhacklib.dll.a -o libhacklib.dll
[Mon 09/08/2025  2:06:08.33]  
cc -O2 -Wall -Wextra -std=c11 -fPIC -I. -c Hacklib.c -o Hacklib.o
cc Hacklib.o -shared -Wl,--out-implib,libhacklib.dll.a -o libhacklib.dll
[Mon 09/08/2025  2:14:27.13]  
cc -O2 -Wall -Wextra -std=c11 -fPIC -I. -c Hacklib.c -o Hacklib.o
[Mon 09/08/2025  2:21:45.50]  
cc -O2 -Wall -Wextra -std=c11 -fPIC -I. -c Hacklib.c -o Hacklib.o
[Mon 09/08/2025  2:22:14.36]  
cc -O2 -Wall -Wextra -std=c11 -fPIC -I. -c Hacklib.c -o Hacklib.o
cc Hacklib.o -shared -Wl,--out-implib,libhacklib.dll.a -o libhacklib.dll
[Mon 09/08/2025  2:22:42.84]  
cc -O2 -Wall -Wextra -std=c11 -fPIC -I. -c Hacklib.c -o Hacklib.o
cc Hacklib.o -shared -Wl,--out-implib,libhacklib.dll.a -o libhacklib.dll
[Mon 09/08/2025  2:24:17.88]  
cc -O2 -Wall -Wextra -std=c11 -fPIC -I. -c Hacklib.c -o Hacklib.o
cc Hacklib.o -shared -Wl,--out-implib,libhacklib.dll.a -o libhacklib.dll
[Mon 09/08/2025  2:26:23.48]  
cc -O2 -Wall -Wextra -std=c11 -fPIC -I. -c Hacklib.c -o Hacklib.o
cc Hacklib.o -shared -Wl,--out-implib,libhacklib.dll.a -o libhacklib.dll
[Mon 09/08/2025  2:28:14.06]  
cc -O2 -Wall -Wextra -std=c11 -fPIC -I. -c Hacklib.c -o Hacklib.o
[Mon 09/08/2025  2:28:21.28]  
cc -O2 -Wall -Wextra -std=c11 -fPIC -I. -c Hacklib.c -o Hacklib.o
cc Hacklib.o -shared -Wl,--out-implib,libhacklib.dll.a -o libhacklib.dll
[Mon 09/08/2025  2:50:10.56]  
cc -O2 -Wall -Wextra -std=c11 -fPIC -I. -c Hacklib.c -o Hacklib.o
cc Hacklib.o -shared -Wl,--out-implib,libhacklib.dll.a -o libhacklib.dll
[Mon 09/08/2025  2:54:04.11]  
cc -O2 -Wall -Wextra -std=c11 -fPIC -I. -c Hacklib.c -o Hacklib.o
cc Hacklib.o -shared -Wl,--out-implib,libhacklib.dll.a -o libhacklib.dll
[Mon 09/08/2025  2:59:54.95]  
cc -O2 -Wall -Wextra -std=c11 -fPIC -I. -c Hacklib.c -o Hacklib.o
cc Hacklib.o -shared -Wl,--out-implib,libhacklib.dll.a -o libhacklib.dll
[Mon 09/08/2025  3:09:53.59]  
cc -O2 -Wall -Wextra -std=c11 -fPIC -I. -c Hacklib.c -o Hacklib.o
cc Hacklib.o -shared -Wl,--out-implib,libhacklib.dll.a -o libhacklib.dll
[Mon 09/08/2025  3:10:15.46]  
cc -O2 -Wall -Wextra -std=c11 -fPIC -I. -c Hacklib.c -o Hacklib.o
cc Hacklib.o -shared -Wl,--out-implib,libhacklib.dll.a -o libhacklib.dll
[Mon 09/08/2025  3:14:43.64]  
cc -O2 -Wall -Wextra -std=c11 -fPIC -I. -c Hacklib.c -o Hacklib.o
cc Hacklib.o -shared -Wl,--out-implib,libhacklib.dll.a -o libhacklib.dll
[Mon 09/08/2025  6:03:29.70]  
[Mon 09/08/2025  6:03:54.00]  
[Mon 09/08/2025  6:04:09.95]  
[Wed 09/10/2025  4:54:03.82]  
cc -O2 -Wall -Wextra -std=c11 -fPIC -I. -c Hacklib.c -o Hacklib.o
cc Hacklib.o -shared -Wl,--out-implib,libhacklib.dll.a -o libhacklib.dll
[Wed 09/10/2025  4:55:33.81]  
cc -O2 -Wall -Wextra -std=c11 -fPIC -I. -c Hacklib.c -o Hacklib.o
cc Hacklib.o -shared -Wl,--out-implib,libhacklib.dll.a -o libhacklib.dll
[Wed 09/10/2025  5:12:16.07]  
cc -O2 -Wall -Wextra -std=c11 -fPIC -I. -c Hacklib.c -o Hacklib.o
[Wed 09/10/2025  5:12:34.44]  
cc -O2 -Wall -Wextra -std=c11 -fPIC -I. -c Hacklib.c -o Hacklib.o
[Wed 09/10/2025  5:13:55.78]  
cc -O2 -Wall -Wextra -std=c11 -fPIC -I. -c Hacklib.c -o Hacklib.o
[Wed 09/10/2025  5:14:27.28]  
cc -O2 -Wall -Wextra -std=c11 -fPIC -I. -c Hacklib.c -o Hacklib.o
cc Hacklib.o -shared -Wl,--out-implib,libhacklib.dll.a -o libhacklib.dll
[Wed 09/10/2025  5:17:54.92]  
cc -O2 -Wall -Wextra -std=c11 -fPIC -I. -c Hacklib.c -o Hacklib.o
cc Hacklib.o -shared -Wl,--out-implib,libhacklib.dll.a -o libhacklib.dll
[Wed 09/10/2025  5:18:41.07]  
cc -O2 -Wall -Wextra -std=c11 -fPIC -I. -c Hacklib.c -o Hacklib.o
cc Hacklib.o -shared -Wl,--out-implib,libhacklib.dll.a -o libhacklib.dll
[Wed 09/10/2025  5:22:52.24]  
cc -O2 -Wall -Wextra -std=c11 -fPIC -I. -c Hacklib.c -o Hacklib.o
cc Hacklib.o -shared -Wl,--out-implib,libhacklib.dll.a -o libhacklib.dll
[Wed 09/10/2025  5:24:35.87]  
cc -O2 -Wall -Wextra -std=c11 -fPIC -I. -c Hacklib.c -o Hacklib.o
cc Hacklib.o -shared -Wl,--out-implib,libhacklib.dll.a -o libhacklib.dll
[Wed 09/10/2025  5:25:07.11]  
cc -O2 -Wall -Wextra -std=c11 -fPIC -I. -c Hacklib.c -o Hacklib.o
cc Hacklib.o -shared -Wl,--out-implib,libhacklib.dll.a -o libhacklib.dll
[Wed 09/10/2025  5:41:11.04]  
cc -O2 -Wall -Wextra -std=c11 -fPIC -I. -c Hacklib.c -o Hacklib.o
cc Hacklib.o -shared -Wl,--out-implib,libhacklib.dll.a -o libhacklib.dll
[Wed 09/10/2025  5:42:36.35]  
cc -O2 -Wall -Wextra -std=c11 -fPIC -I. -c Hacklib.c -o Hacklib.o
cc Hacklib.o -shared -Wl,--out-implib,libhacklib.dll.a -o libhacklib.dll
[Wed 09/10/2025  5:45:59.22]  
cc -O2 -Wall -Wextra -std=c11 -fPIC -I. -c Hacklib.c -o Hacklib.o
cc Hacklib.o -shared -Wl,--out-implib,libhacklib.dll.a -o libhacklib.dll
[Wed 09/10/2025  5:46:30.81]  
cc -O2 -Wall -Wextra -std=c11 -fPIC -I. -c Hacklib.c -o Hacklib.o
cc Hacklib.o -shared -Wl,--out-implib,libhacklib.dll.a -o libhacklib.dll
[Wed 09/10/2025  5:47:52.65]  
cc -O2 -Wall -Wextra -std=c11 -fPIC -I. -c Hacklib.c -o Hacklib.o
cc Hacklib.o -shared -Wl,--out-implib,libhacklib.dll.a -o libhacklib.dll
[Wed 09/10/2025  5:49:15.76]  
cc -O2 -Wall -Wextra -std=c11 -fPIC -I. -c Hacklib.c -o Hacklib.o
cc Hacklib.o -shared -Wl,--out-implib,libhacklib.dll.a -o libhacklib.dll
[Wed 09/10/2025  5:51:02.16]  
cc -O2 -Wall -Wextra -std=c11 -fPIC -I. -c Hacklib.c -o Hacklib.o
cc Hacklib.o -shared -Wl,--out-implib,libhacklib.dll.a -o libhacklib.dll
[Wed 09/10/2025  5:51:28.23]  
cc -O2 -Wall -Wextra -std=c11 -fPIC -I. -c Hacklib.c -o Hacklib.o
cc Hacklib.o -shared -Wl,--out-implib,libhacklib.dll.a -o libhacklib.dll
[Wed 09/10/2025  5:57:06.93]  
cc -O2 -Wall -Wextra -std=c11 -fPIC -I. -c Hacklib.c -o Hacklib.o
cc Hacklib.o -shared -Wl,--out-implib,libhacklib.dll.a -o libhacklib.dll
[Wed 09/10/2025  6:02:36.47]  
cc -O2 -Wall -Wextra -std=c11 -fPIC -I. -c Hacklib.c -o Hacklib.o
cc Hacklib.o -shared -Wl,--out-implib,libhacklib.dll.a -o libhacklib.dll
[Wed 09/10/2025  6:04:02.09]  
cc -O2 -Wall -Wextra -std=c11 -fPIC -I. -c Hacklib.c -o Hacklib.o
cc Hacklib.o -shared -Wl,--out-implib,libhacklib.dll.a -o libhacklib.dll
[Wed 09/10/2025  6:10:41.59]  
cc -O2 -Wall -Wextra -std=c11 -fPIC -I. -c Hacklib.c -o Hacklib.o
cc Hacklib.o -shared -Wl,--out-implib,libhacklib.dll.a -o libhacklib.dll
[Wed 09/10/2025  6:11:00.23]  
cc -O2 -Wall -Wextra -std=c11 -fPIC -I. -c Hacklib.c -o Hacklib.o
cc Hacklib.o -shared -Wl,--out-implib,libhacklib.dll.a -o libhacklib.dll
[Wed 09/10/2025  6:13:00.18]  
cc -O2 -Wall -Wextra -std=c11 -fPIC -I. -c Hacklib.c -o Hacklib.o
cc Hacklib.o -shared -Wl,--out-implib,libhacklib.dll.a -o libhacklib.dll
[Wed 09/10/2025  6:14:39.73]  
cc -O2 -Wall -Wextra -std=c11 -fPIC -I. -c Hacklib.c -o Hacklib.o
cc Hacklib.o -shared -Wl,--out-implib,libhacklib.dll.a -o libhacklib.dll
[Wed 09/10/2025  6:15:04.17]  
cc -O2 -Wall -Wextra -std=c11 -fPIC -I. -c Hacklib.c -o Hacklib.o
cc Hacklib.o -shared -Wl,--out-implib,libhacklib.dll.a -o libhacklib.dll
[Wed 09/10/2025  6:15:43.29]  
cc -O2 -Wall -Wextra -std=c11 -fPIC -I. -c Hacklib.c -o Hacklib.o
cc Hacklib.o -shared -Wl,--out-implib,libhacklib.dll.a -o libhacklib.dll
[Wed 09/10/2025  6:16:14.63]  
cc -O2 -Wall -Wextra -std=c11 -fPIC -I. -c Hacklib.c -o Hacklib.o
cc Hacklib.o -shared -Wl,--out-implib,libhacklib.dll.a -o libhacklib.dll
[Wed 09/10/2025  6:19:49.67]  
cc -O2 -Wall -Wextra -std=c11 -fPIC -I. -c Hacklib.c -o Hacklib.o
cc Hacklib.o -shared -Wl,--out-implib,libhacklib.dll.a -o libhacklib.dll
[Wed 09/10/2025  6:19:59.29]  
cc -O2 -Wall -Wextra -std=c11 -fPIC -I. -c Hacklib.c -o Hacklib.o
cc Hacklib.o -shared -Wl,--out-implib,libhacklib.dll.a -o libhacklib.dll
[Wed 09/10/2025  6:24:16.29]  
cc -O2 -Wall -Wextra -std=c11 -fPIC -I. -c Hacklib.c -o Hacklib.o
[Wed 09/10/2025  6:24:23.78]  
cc -O2 -Wall -Wextra -std=c11 -fPIC -I. -c Hacklib.c -o Hacklib.o
cc Hacklib.o -shared -Wl,--out-implib,libhacklib.dll.a -o libhacklib.dll
[Wed 09/10/2025  6:26:05.16]  
cc -O2 -Wall -Wextra -std=c11 -fPIC -I. -c Hacklib.c -o Hacklib.o
cc Hacklib.o -shared -Wl,--out-implib,libhacklib.dll.a -o libhacklib.dll
[Wed 09/10/2025  6:32:16.17]  
cc -O2 -Wall -Wextra -std=c11 -fPIC -I. -c Hacklib.c -o Hacklib.o
cc Hacklib.o -shared -Wl,--out-implib,libhacklib.dll.a -o libhacklib.dll
